Archive member included because of file (symbol)

c:/freescale/kds_v3/toolchain/bin/../lib/gcc/arm-none-eabi/4.8.4/../../../../arm-none-eabi/lib/armv7e-m/fpu\libm.a(lib_a-s_cos.o)
                              ./APP/app.o (cos)
c:/freescale/kds_v3/toolchain/bin/../lib/gcc/arm-none-eabi/4.8.4/../../../../arm-none-eabi/lib/armv7e-m/fpu\libm.a(lib_a-s_sin.o)
                              ./APP/app.o (sin)
c:/freescale/kds_v3/toolchain/bin/../lib/gcc/arm-none-eabi/4.8.4/../../../../arm-none-eabi/lib/armv7e-m/fpu\libm.a(lib_a-w_exp.o)
                              ./APP/app.o (exp)
c:/freescale/kds_v3/toolchain/bin/../lib/gcc/arm-none-eabi/4.8.4/../../../../arm-none-eabi/lib/armv7e-m/fpu\libm.a(lib_a-e_exp.o)
                              c:/freescale/kds_v3/toolchain/bin/../lib/gcc/arm-none-eabi/4.8.4/../../../../arm-none-eabi/lib/armv7e-m/fpu\libm.a(lib_a-w_exp.o) (__ieee754_exp)
c:/freescale/kds_v3/toolchain/bin/../lib/gcc/arm-none-eabi/4.8.4/../../../../arm-none-eabi/lib/armv7e-m/fpu\libm.a(lib_a-e_rem_pio2.o)
                              c:/freescale/kds_v3/toolchain/bin/../lib/gcc/arm-none-eabi/4.8.4/../../../../arm-none-eabi/lib/armv7e-m/fpu\libm.a(lib_a-s_cos.o) (__ieee754_rem_pio2)
c:/freescale/kds_v3/toolchain/bin/../lib/gcc/arm-none-eabi/4.8.4/../../../../arm-none-eabi/lib/armv7e-m/fpu\libm.a(lib_a-k_cos.o)
                              c:/freescale/kds_v3/toolchain/bin/../lib/gcc/arm-none-eabi/4.8.4/../../../../arm-none-eabi/lib/armv7e-m/fpu\libm.a(lib_a-s_cos.o) (__kernel_cos)
c:/freescale/kds_v3/toolchain/bin/../lib/gcc/arm-none-eabi/4.8.4/../../../../arm-none-eabi/lib/armv7e-m/fpu\libm.a(lib_a-k_rem_pio2.o)
                              c:/freescale/kds_v3/toolchain/bin/../lib/gcc/arm-none-eabi/4.8.4/../../../../arm-none-eabi/lib/armv7e-m/fpu\libm.a(lib_a-e_rem_pio2.o) (__kernel_rem_pio2)
c:/freescale/kds_v3/toolchain/bin/../lib/gcc/arm-none-eabi/4.8.4/../../../../arm-none-eabi/lib/armv7e-m/fpu\libm.a(lib_a-k_sin.o)
                              c:/freescale/kds_v3/toolchain/bin/../lib/gcc/arm-none-eabi/4.8.4/../../../../arm-none-eabi/lib/armv7e-m/fpu\libm.a(lib_a-s_cos.o) (__kernel_sin)
c:/freescale/kds_v3/toolchain/bin/../lib/gcc/arm-none-eabi/4.8.4/../../../../arm-none-eabi/lib/armv7e-m/fpu\libm.a(lib_a-s_fabs.o)
                              c:/freescale/kds_v3/toolchain/bin/../lib/gcc/arm-none-eabi/4.8.4/../../../../arm-none-eabi/lib/armv7e-m/fpu\libm.a(lib_a-e_rem_pio2.o) (fabs)
c:/freescale/kds_v3/toolchain/bin/../lib/gcc/arm-none-eabi/4.8.4/../../../../arm-none-eabi/lib/armv7e-m/fpu\libm.a(lib_a-s_finite.o)
                              c:/freescale/kds_v3/toolchain/bin/../lib/gcc/arm-none-eabi/4.8.4/../../../../arm-none-eabi/lib/armv7e-m/fpu\libm.a(lib_a-w_exp.o) (finite)
c:/freescale/kds_v3/toolchain/bin/../lib/gcc/arm-none-eabi/4.8.4/../../../../arm-none-eabi/lib/armv7e-m/fpu\libm.a(lib_a-s_floor.o)
                              c:/freescale/kds_v3/toolchain/bin/../lib/gcc/arm-none-eabi/4.8.4/../../../../arm-none-eabi/lib/armv7e-m/fpu\libm.a(lib_a-k_rem_pio2.o) (floor)
c:/freescale/kds_v3/toolchain/bin/../lib/gcc/arm-none-eabi/4.8.4/../../../../arm-none-eabi/lib/armv7e-m/fpu\libm.a(lib_a-s_lib_ver.o)
                              c:/freescale/kds_v3/toolchain/bin/../lib/gcc/arm-none-eabi/4.8.4/../../../../arm-none-eabi/lib/armv7e-m/fpu\libm.a(lib_a-w_exp.o) (__fdlib_version)
c:/freescale/kds_v3/toolchain/bin/../lib/gcc/arm-none-eabi/4.8.4/../../../../arm-none-eabi/lib/armv7e-m/fpu\libm.a(lib_a-s_matherr.o)
                              c:/freescale/kds_v3/toolchain/bin/../lib/gcc/arm-none-eabi/4.8.4/../../../../arm-none-eabi/lib/armv7e-m/fpu\libm.a(lib_a-w_exp.o) (matherr)
c:/freescale/kds_v3/toolchain/bin/../lib/gcc/arm-none-eabi/4.8.4/../../../../arm-none-eabi/lib/armv7e-m/fpu\libm.a(lib_a-s_scalbn.o)
                              c:/freescale/kds_v3/toolchain/bin/../lib/gcc/arm-none-eabi/4.8.4/../../../../arm-none-eabi/lib/armv7e-m/fpu\libm.a(lib_a-k_rem_pio2.o) (scalbn)
c:/freescale/kds_v3/toolchain/bin/../lib/gcc/arm-none-eabi/4.8.4/../../../../arm-none-eabi/lib/armv7e-m/fpu\libm.a(lib_a-s_copysign.o)
                              c:/freescale/kds_v3/toolchain/bin/../lib/gcc/arm-none-eabi/4.8.4/../../../../arm-none-eabi/lib/armv7e-m/fpu\libm.a(lib_a-s_scalbn.o) (copysign)
c:/freescale/kds_v3/toolchain/bin/../lib/gcc/arm-none-eabi/4.8.4/armv7e-m/fpu\libgcc.a(_arm_addsubdf3.o)
                              ./APP/app.o (__aeabi_dsub)
c:/freescale/kds_v3/toolchain/bin/../lib/gcc/arm-none-eabi/4.8.4/armv7e-m/fpu\libgcc.a(_arm_muldivdf3.o)
                              ./APP/app.o (__aeabi_dmul)
c:/freescale/kds_v3/toolchain/bin/../lib/gcc/arm-none-eabi/4.8.4/armv7e-m/fpu\libgcc.a(_arm_cmpdf2.o)
                              c:/freescale/kds_v3/toolchain/bin/../lib/gcc/arm-none-eabi/4.8.4/../../../../arm-none-eabi/lib/armv7e-m/fpu\libm.a(lib_a-e_rem_pio2.o) (__aeabi_dcmpeq)
c:/freescale/kds_v3/toolchain/bin/../lib/gcc/arm-none-eabi/4.8.4/armv7e-m/fpu\libgcc.a(_arm_fixdfsi.o)
[...]
Memory Configuration

Name             Origin             Length             Attributes
m_interrupts     0x00000000         0x00000400         xr
m_text           0x00000410         0x000ffbf0         xr
m_interrupts_ram 0x1fff0000         0x00000400         rw
m_data_1FFF0400  0x1fff0400         0x0000fc00         rw
m_data           0x20000000         0x00030000         rw
m_flash_config   0x00000400         0x00000010         xr
*default*        0x00000000         0xffffffff

Linker script and memory map

LOAD c:/freescale/kds_v3/toolchain/bin/../lib/gcc/arm-none-eabi/4.8.4/armv7e-m/fpu/crti.o
LOAD c:/freescale/kds_v3/toolchain/bin/../lib/gcc/arm-none-eabi/4.8.4/armv7e-m/fpu/crtbegin.o
LOAD c:/freescale/kds_v3/toolchain/bin/../lib/gcc/arm-none-eabi/4.8.4/../../../../arm-none-eabi/lib/armv7e-m/fpu/crt0.o
LOAD ./uCOS-III/Source/os_cfg_app.o
LOAD ./uCOS-III/Source/os_core.o
LOAD ./uCOS-III/Source/os_dbg.o
LOAD ./uCOS-III/Source/os_flag.o
LOAD ./uCOS-III/Source/os_int.o
LOAD ./uCOS-III/Source/os_mem.o
LOAD ./uCOS-III/Source/os_msg.o
LOAD ./uCOS-III/Source/os_mutex.o
LOAD ./uCOS-III/Source/os_pend_multi.o
LOAD ./uCOS-III/Source/os_prio.o
LOAD ./uCOS-III/Source/os_q.o
LOAD ./uCOS-III/Source/os_sem.o
LOAD ./uCOS-III/Source/os_stat.o
LOAD ./uCOS-III/Source/os_task.o
LOAD ./uCOS-III/Source/os_tick.o
LOAD ./uCOS-III/Source/os_time.o
LOAD ./uCOS-III/Source/os_tmr.o
LOAD ./uCOS-III/Source/os_var.o
LOAD ./uCOS-III/Ports/ARM-Cortex-M4/Generic/GNU/os_cpu_a.o
LOAD ./uCOS-III/Ports/ARM-Cortex-M4/Generic/GNU/os_cpu_c.o
LOAD ./uC-LIB/lib_ascii.o
LOAD ./uC-LIB/lib_math.o
LOAD ./uC-LIB/lib_mem.o
LOAD ./uC-LIB/lib_str.o
LOAD ./uC-CPU/ARM-Cortex-M4/GNU/cpu_a.o
LOAD ./uC-CPU/ARM-Cortex-M4/GNU/cpu_c.o
LOAD ./uC-CPU/cpu_core.o
LOAD ./KSDK/platform/system/interrupt/src/fsl_interrupt_manager.o
LOAD ./KSDK/platform/system/clock/MK64F12/fsl_clock_K64F12.o
LOAD ./KSDK/platform/system/clock/fsl_clock_manager.o
LOAD ./KSDK/platform/startup/MK64F12/system_MK64F12.o
LOAD ./KSDK/platform/osa/src/fsl_os_abstraction_ucosiii.o
LOAD ./KSDK/platform/hal/uart/fsl_uart_hal.o
LOAD ./KSDK/platform/hal/sim/MK64F12/fsl_sim_hal_K64F12.o
LOAD ./KSDK/platform/hal/sim/fsl_sim_hal.o
LOAD ./KSDK/platform/hal/port/fsl_port_hal.o
LOAD ./KSDK/platform/hal/mcg/fsl_mcg_hal.o
LOAD ./KSDK/platform/hal/gpio/fsl_gpio_hal.o
LOAD ./KSDK/platform/drivers/uart/src/fsl_uart_driver.o
LOAD ./KSDK/platform/drivers/uart/common/fsl_uart_common.o
LOAD ./KSDK/platform/drivers/gpio/src/fsl_gpio_driver.o
LOAD ./KSDK/platform/drivers/gpio/common/fsl_gpio_common.o
LOAD ./KSDK/boards/frdmk64f120m/gpio_pins.o
LOAD ./KSDK/boards/frdmk64f120m/hardware_init.o
LOAD ./KSDK/boards/frdmk64f120m/pin_mux.o
LOAD ./BSP/KSDK/KDS/startup_MK64F12.o
LOAD ./BSP/KSDK/startup.o
LOAD ./BSP/bsp_ser.o
LOAD ./BSP/cpu_bsp.o
LOAD ./APP/app.o
LOAD ./APP/os_app_hooks.o
LOAD c:/freescale/kds_v3/toolchain/bin/../lib/gcc/arm-none-eabi/4.8.4/../../../../arm-none-eabi/lib/armv7e-m/fpu\libm.a
START GROUP
LOAD c:/freescale/kds_v3/toolchain/bin/../lib/gcc/arm-none-eabi/4.8.4/armv7e-m/fpu\libgcc.a
LOAD c:/freescale/kds_v3/toolchain/bin/../lib/gcc/arm-none-eabi/4.8.4/../../../../arm-none-eabi/lib/armv7e-m/fpu\libg_s.a
LOAD c:/freescale/kds_v3/toolchain/bin/../lib/gcc/arm-none-eabi/4.8.4/../../../../arm-none-eabi/lib/armv7e-m/fpu\libc_s.a
END GROUP
START GROUP
LOAD c:/freescale/kds_v3/toolchain/bin/../lib/gcc/arm-none-eabi/4.8.4/armv7e-m/fpu\libgcc.a
LOAD c:/freescale/kds_v3/toolchain/bin/../lib/gcc/arm-none-eabi/4.8.4/../../../../arm-none-eabi/lib/armv7e-m/fpu\libc_s.a
LOAD c:/freescale/kds_v3/toolchain/bin/../lib/gcc/arm-none-eabi/4.8.4/../../../../arm-none-eabi/lib/armv7e-m/fpu\libnosys.a
END GROUP
START GROUP
LOAD c:/freescale/kds_v3/toolchain/bin/../lib/gcc/arm-none-eabi/4.8.4/armv7e-m/fpu\libgcc.a
LOAD c:/freescale/kds_v3/toolchain/bin/../lib/gcc/arm-none-eabi/4.8.4/../../../../arm-none-eabi/lib/armv7e-m/fpu\libc_s.a
LOAD c:/freescale/kds_v3/toolchain/bin/../lib/gcc/arm-none-eabi/4.8.4/../../../../arm-none-eabi/lib/armv7e-m/fpu\libnosys.a
END GROUP
LOAD c:/freescale/kds_v3/toolchain/bin/../lib/gcc/arm-none-eabi/4.8.4/armv7e-m/fpu/crtend.o
LOAD c:/freescale/kds_v3/toolchain/bin/../lib/gcc/arm-none-eabi/4.8.4/armv7e-m/fpu/crtn.o
                0x00008000                HEAP_SIZE = DEFINED (__heap_size__)?__heap_size__:0x8000
                0x00004000                STACK_SIZE = DEFINED (__stack_size__)?__stack_size__:0x4000

.interrupts     0x00000000      0x400
                0x00000000                __VECTOR_TABLE = .
                0x00000000                . = ALIGN (0x4)
 *(.isr_vector)
 .isr_vector    0x00000000      0x400 ./BSP/KSDK/KDS/startup_MK64F12.o
                0x00000000                __isr_vector
                0x00000400                . = ALIGN (0x4)
                0x1fff0000                __VECTOR_RAM = ORIGIN (m_interrupts_ram)

.flash_config   0x00000400       0x10
                0x00000400                . = ALIGN (0x4)
 *(.FlashConfig)
 .FlashConfig   0x00000400       0x10 ./BSP/KSDK/KDS/startup_MK64F12.o
                0x00000410                . = ALIGN (0x4)

.text           0x00000410     0xd7a4
                0x00000410                . = ALIGN (0x4)
 *(.text)
 .text          0x00000410       0x54 c:/freescale/kds_v3/toolchain/bin/../lib/gcc/arm-none-eabi/4.8.4/armv7e-m/fpu/crtbegin.o
 .text          0x00000464       0x74 c:/freescale/kds_v3/toolchain/bin/../lib/gcc/arm-none-eabi/4.8.4/../../../../arm-none-eabi/lib/armv7e-m/fpu/crt0.o
                0x00000464                _start
                0x00000464                _mainCRTStartup
 .text          0x000004d8       0xfc ./uCOS-III/Ports/ARM-Cortex-M4/Generic/GNU/os_cpu_a.o
                0x000004d8                OS_CPU_FP_Reg_Push
                0x000004ea                OS_CPU_FP_Reg_Pop
                0x000004f6                OSStartHighRdy
                0x00000566                OSCtxSw
                0x0000056e                OSIntCtxSw
                0x00000576                PendSV_Handler
 .text          0x000005d4       0x34 ./uC-CPU/ARM-Cortex-M4/GNU/cpu_a.o
                0x000005d4                CPU_IntDis
                0x000005d8                CPU_IntEn
                0x000005dc                CPU_SR_Save
                0x000005e4                CPU_SR_Restore
                0x000005ea                CPU_WaitForInt
                0x000005ee                CPU_WaitForExcept
                0x000005f2                CPU_CntLeadZeros
                0x000005f8                CPU_CntTrailZeros
                0x00000602                CPU_RevBits
 .text          0x00000608       0x3c ./BSP/KSDK/KDS/startup_MK64F12.o
                0x00000608                Reset_Handler
                0x00000640                DebugMon_Handler
                0x00000640                I2C0_IRQHandler
                0x00000640                HardFault_Handler
                0x00000640                UART3_RX_TX_IRQHandler
                0x00000640                NMI_Handler
                0x00000640                UART0_RX_TX_IRQHandler
                0x00000640                I2C1_IRQHandler
                0x00000640                DMA2_IRQHandler
                0x00000640                ENET_Error_IRQHandler
                0x00000640                CAN0_Tx_Warning_IRQHandler
                0x00000640                PIT0_IRQHandler
                0x00000640                CAN0_ORed_Message_buffer_IRQHandler
                0x00000640                Watchdog_IRQHandler
                0x00000640                CMP2_IRQHandler
                0x00000640                ENET_Receive_IRQHandler
                0x00000640                ENET_1588_Timer_IRQHandler
                0x00000640                UART2_RX_TX_IRQHandler
                0x00000640                SWI_IRQHandler
                0x00000640                ADC0_IRQHandler
                0x00000640                UsageFault_Handler
                0x00000640                I2S0_Tx_IRQHandler
                0x00000640                CMT_IRQHandler
                0x00000640                UART4_RX_TX_IRQHandler
                0x00000640                SPI1_IRQHandler
                0x00000640                DefaultISR
                0x00000640                DMA9_IRQHandler
                0x00000640                DMA14_IRQHandler
                0x00000640                CMP1_IRQHandler
                0x00000640                Reserved71_IRQHandler
                0x00000640                PORTD_IRQHandler
                0x00000640                PORTB_IRQHandler
                0x00000640                UART4_ERR_IRQHandler
                0x00000640                ADC1_IRQHandler
                0x00000640                I2C2_IRQHandler
                0x00000640                PIT2_IRQHandler
                0x00000640                I2S0_Rx_IRQHandler
                0x00000640                LPTimer_IRQHandler
                0x00000640                DMA5_IRQHandler
                0x00000640                RTC_IRQHandler
                0x00000640                PDB0_IRQHandler
                0x00000640                CAN0_Rx_Warning_IRQHandler
                0x00000640                FTM1_IRQHandler
                0x00000640                UART5_RX_TX_IRQHandler
                0x00000640                UART3_ERR_IRQHandler
                0x00000640                PIT3_IRQHandler
                0x00000640                SDHC_IRQHandler
                0x00000640                RTC_Seconds_IRQHandler
                0x00000640                MCG_IRQHandler
                0x00000640                FTFE_IRQHandler
                0x00000640                UART2_ERR_IRQHandler
                0x00000640                DMA11_IRQHandler
                0x00000640                UART5_ERR_IRQHandler
                0x00000640                Read_Collision_IRQHandler
                0x00000640                Default_Handler
                0x00000640                DMA7_IRQHandler
                0x00000640                ENET_Transmit_IRQHandler
                0x00000640                USBDCD_IRQHandler
                0x00000640                USB0_IRQHandler
                0x00000640                LLW_IRQHandler
                0x00000640                SPI2_IRQHandler
                0x00000640                MemManage_Handler
                0x00000640                SVC_Handler
                0x00000640                DMA13_IRQHandler
                0x00000640                DMA3_IRQHandler
                0x00000640                UART0_LON_IRQHandler
                0x00000640                RNG_IRQHandler
                0x00000640                DMA0_IRQHandler
                0x00000640                DMA15_IRQHandler
                0x00000640                DAC0_IRQHandler
                0x00000640                CAN0_Error_IRQHandler
                0x00000640                DMA4_IRQHandler
                0x00000640                PIT1_IRQHandler
                0x00000640                UART0_ERR_IRQHandler
                0x00000640                DMA_Error_IRQHandler
                0x00000640                LVD_LVW_IRQHandler
                0x00000640                SPI0_IRQHandler
                0x00000640                FTM0_IRQHandler
                0x00000640                PORTA_IRQHandler
                0x00000640                DAC1_IRQHandler
                0x00000640                MCM_IRQHandler
                0x00000640                DMA12_IRQHandler
                0x00000640                CAN0_Bus_Off_IRQHandler
                0x00000640                FTM3_IRQHandler
                0x00000640                PORTE_IRQHandler
                0x00000640                FTM2_IRQHandler
                0x00000640                BusFault_Handler
                0x00000640                DMA8_IRQHandler
                0x00000640                DMA10_IRQHandler
                0x00000640                CAN0_Wake_Up_IRQHandler
                0x00000640                UART1_ERR_IRQHandler
                0x00000640                UART1_RX_TX_IRQHandler
                0x00000640                CMP0_IRQHandler
                0x00000640                PORTC_IRQHandler
                0x00000640                DMA6_IRQHandler
                0x00000640                DMA1_IRQHandler
 .text          0x00000644      0x370 c:/freescale/kds_v3/toolchain/bin/../lib/gcc/arm-none-eabi/4.8.4/armv7e-m/fpu\libgcc.a(_arm_addsubdf3.o)
                0x00000644                __aeabi_drsub
                0x0000064c                __aeabi_dsub
                0x0000064c                __subdf3
                0x00000650                __aeabi_dadd
                0x00000650                __adddf3
                0x000008c8                __floatunsidf
                0x000008c8                __aeabi_ui2d
                0x000008e8                __floatsidf
                0x000008e8                __aeabi_i2d
                0x0000090c                __aeabi_f2d
                0x0000090c                __extendsfdf2
                0x00000948                __floatundidf
                0x00000948                __aeabi_ul2d
                0x00000958                __floatdidf
                0x00000958                __aeabi_l2d
 .text          0x000009b4      0x424 c:/freescale/kds_v3/toolchain/bin/../lib/gcc/arm-none-eabi/4.8.4/armv7e-m/fpu\libgcc.a(_arm_muldivdf3.o)
                0x000009b4                __aeabi_dmul
                0x000009b4                __muldf3
                0x00000c08                __divdf3
                0x00000c08                __aeabi_ddiv
 .text          0x00000dd8      0x110 c:/freescale/kds_v3/toolchain/bin/../lib/gcc/arm-none-eabi/4.8.4/armv7e-m/fpu\libgcc.a(_arm_cmpdf2.o)
                0x00000dd8                __gtdf2
                0x00000dd8                __gedf2
                0x00000de0                __ltdf2
                0x00000de0                __ledf2
                0x00000de8                __nedf2
                0x00000de8                __eqdf2
                0x00000de8                __cmpdf2
                0x00000e64                __aeabi_cdrcmple
                0x00000e74                __aeabi_cdcmpeq
                0x00000e74                __aeabi_cdcmple
                0x00000e84                __aeabi_dcmpeq
                0x00000e98                __aeabi_dcmplt
                0x00000eac                __aeabi_dcmple
                0x00000ec0                __aeabi_dcmpge
                0x00000ed4                __aeabi_dcmpgt
 .text          0x00000ee8       0x50 c:/freescale/kds_v3/toolchain/bin/../lib/gcc/arm-none-eabi/4.8.4/armv7e-m/fpu\libgcc.a(_arm_fixdfsi.o)
                0x00000ee8                __aeabi_d2iz
                0x00000ee8                __fixdfsi
 .text          0x00000f38       0xa0 c:/freescale/kds_v3/toolchain/bin/../lib/gcc/arm-none-eabi/4.8.4/armv7e-m/fpu\libgcc.a(_arm_truncdfsf2.o)
                0x00000f38                __truncdfsf2
                0x00000f38                __aeabi_d2f
 .text          0x00000fd8       0x40 c:/freescale/kds_v3/toolchain/bin/../lib/gcc/arm-none-eabi/4.8.4/armv7e-m/fpu\libgcc.a(_arm_fixunsdfsi.o)
                0x00000fd8                __aeabi_d2uiz
                0x00000fd8                __fixunsdfsi
 *(.text*)
 .text.OSCfg_Init
                0x00001018        0xc ./uCOS-III/Source/os_cfg_app.o
                0x00001018                OSCfg_Init
 .text.OSInit   0x00001024      0x1d4 ./uCOS-III/Source/os_core.o
                0x00001024                OSInit
 .text.OSIntEnter
                0x000011f8       0x34 ./uCOS-III/Source/os_core.o
                0x000011f8                OSIntEnter
 .text.OSIntExit
                0x0000122c       0xc0 ./uCOS-III/Source/os_core.o
                0x0000122c                OSIntExit
 .text.OSSched  0x000012ec       0x94 ./uCOS-III/Source/os_core.o
                0x000012ec                OSSched
 .text.OSSchedLock
                0x00001380       0x54 ./uCOS-III/Source/os_core.o
                0x00001380                OSSchedLock
 .text.OSSchedUnlock
                0x000013d4       0x70 ./uCOS-III/Source/os_core.o
                0x000013d4                OSSchedUnlock
 .text.OSSchedRoundRobinCfg
                0x00001444       0x64 ./uCOS-III/Source/os_core.o
                0x00001444                OSSchedRoundRobinCfg
 .text.OSStart  0x000014a8       0x80 ./uCOS-III/Source/os_core.o
                0x000014a8                OSStart
 .text.OS_IdleTask
                0x00001528       0x34 ./uCOS-III/Source/os_core.o
                0x00001528                OS_IdleTask
 .text.OS_IdleTaskInit
                0x0000155c       0x68 ./uCOS-III/Source/os_core.o
                0x0000155c                OS_IdleTaskInit
 .text.OS_Pend  0x000015c4       0x84 ./uCOS-III/Source/os_core.o
                0x000015c4                OS_Pend
 .text.OS_PendDataInit
                0x00001648       0x6c ./uCOS-III/Source/os_core.o
                0x00001648                OS_PendDataInit
 .text.OS_PendDbgNameAdd
                0x000016b4       0x7c ./uCOS-III/Source/os_core.o
                0x000016b4                OS_PendDbgNameAdd
 .text.OS_PendDbgNameRemove
                0x00001730       0x48 ./uCOS-III/Source/os_core.o
                0x00001730                OS_PendDbgNameRemove
 .text.OS_PendListChangePrio
                0x00001778       0x54 ./uCOS-III/Source/os_core.o
                0x00001778                OS_PendListChangePrio
 .text.OS_PendListInit
                0x000017cc       0x24 ./uCOS-III/Source/os_core.o
                0x000017cc                OS_PendListInit
 .text.OS_PendListInsertPrio
                0x000017f0       0xe4 ./uCOS-III/Source/os_core.o
                0x000017f0                OS_PendListInsertPrio
 .text.OS_PendListRemove
                0x000018d4       0x54 ./uCOS-III/Source/os_core.o
                0x000018d4                OS_PendListRemove
 .text.OS_PendListRemove1
                0x00001928       0x94 ./uCOS-III/Source/os_core.o
                0x00001928                OS_PendListRemove1
 .text.OS_Post  0x000019bc      0x12c ./uCOS-III/Source/os_core.o
                0x000019bc                OS_Post
 .text.OS_Post1
                0x00001ae8       0x60 ./uCOS-III/Source/os_core.o
                0x00001ae8                OS_Post1
 .text.OS_RdyListInit
                0x00001b48       0x48 ./uCOS-III/Source/os_core.o
                0x00001b48                OS_RdyListInit
 .text.OS_RdyListInsert
                0x00001b90       0x3c ./uCOS-III/Source/os_core.o
                0x00001b90                OS_RdyListInsert
 .text.OS_RdyListInsertHead
                0x00001bcc       0x80 ./uCOS-III/Source/os_core.o
                0x00001bcc                OS_RdyListInsertHead
 .text.OS_RdyListInsertTail
                0x00001c4c       0x80 ./uCOS-III/Source/os_core.o
                0x00001c4c                OS_RdyListInsertTail
 .text.OS_RdyListMoveHeadToTail
                0x00001ccc       0x90 ./uCOS-III/Source/os_core.o
                0x00001ccc                OS_RdyListMoveHeadToTail
 .text.OS_RdyListRemove
                0x00001d5c       0xac ./uCOS-III/Source/os_core.o
                0x00001d5c                OS_RdyListRemove
 .text.OS_SchedRoundRobin
                0x00001e08       0xb4 ./uCOS-III/Source/os_core.o
                0x00001e08                OS_SchedRoundRobin
 .text.OS_TaskBlock
                0x00001ebc       0x3c ./uCOS-III/Source/os_core.o
                0x00001ebc                OS_TaskBlock
 .text.OS_Dbg_Init
                0x00001ef8      0x238 ./uCOS-III/Source/os_dbg.o
                0x00001ef8                OS_Dbg_Init
 .text.OS_FlagInit
                0x00002130       0x2c ./uCOS-III/Source/os_flag.o
                0x00002130                OS_FlagInit
 .text.OS_MemInit
                0x0000215c       0x2c ./uCOS-III/Source/os_mem.o
                0x0000215c                OS_MemInit
 .text.OS_MsgPoolInit
                0x00002188       0xac ./uCOS-III/Source/os_msg.o
                0x00002188                OS_MsgPoolInit
 .text.OS_MsgQFreeAll
                0x00002234       0x78 ./uCOS-III/Source/os_msg.o
                0x00002234                OS_MsgQFreeAll
 .text.OS_MsgQInit
                0x000022ac       0x34 ./uCOS-III/Source/os_msg.o
                0x000022ac                OS_MsgQInit
 .text.OSMutexCreate
                0x000022e0       0x6c ./uCOS-III/Source/os_mutex.o
                0x000022e0                OSMutexCreate
 .text.OSMutexPend
                0x0000234c      0x1ac ./uCOS-III/Source/os_mutex.o
                0x0000234c                OSMutexPend
 .text.OSMutexPost
                0x000024f8      0x154 ./uCOS-III/Source/os_mutex.o
                0x000024f8                OSMutexPost
 .text.OS_MutexDbgListAdd
                0x0000264c       0x4c ./uCOS-III/Source/os_mutex.o
                0x0000264c                OS_MutexDbgListAdd
 .text.OS_MutexInit
                0x00002698       0x2c ./uCOS-III/Source/os_mutex.o
                0x00002698                OS_MutexInit
 .text.OS_MutexGrpAdd
                0x000026c4       0x24 ./uCOS-III/Source/os_mutex.o
                0x000026c4                OS_MutexGrpAdd
 .text.OS_MutexGrpRemove
                0x000026e8       0x38 ./uCOS-III/Source/os_mutex.o
                0x000026e8                OS_MutexGrpRemove
 .text.OS_MutexGrpPrioFindHighest
                0x00002720       0x58 ./uCOS-III/Source/os_mutex.o
                0x00002720                OS_MutexGrpPrioFindHighest
 .text.OS_MutexGrpPostAll
                0x00002778       0x84 ./uCOS-III/Source/os_mutex.o
                0x00002778                OS_MutexGrpPostAll
 .text.OS_PrioInit
                0x000027fc       0x30 ./uCOS-III/Source/os_prio.o
                0x000027fc                OS_PrioInit
 .text.OS_PrioGetHighest
                0x0000282c       0x48 ./uCOS-III/Source/os_prio.o
                0x0000282c                OS_PrioGetHighest
 .text.OS_PrioInsert
                0x00002874       0x4c ./uCOS-III/Source/os_prio.o
                0x00002874                OS_PrioInsert
 .text.OS_PrioRemove
                0x000028c0       0x50 ./uCOS-III/Source/os_prio.o
                0x000028c0                OS_PrioRemove
 .text.OS_QInit
                0x00002910       0x2c ./uCOS-III/Source/os_q.o
                0x00002910                OS_QInit
 .text.OSSemCreate
                0x0000293c       0x60 ./uCOS-III/Source/os_sem.o
                0x0000293c                OSSemCreate
 .text.OSSemPend
                0x0000299c      0x158 ./uCOS-III/Source/os_sem.o
                0x0000299c                OSSemPend
 .text.OSSemPost
                0x00002af4       0x2c ./uCOS-III/Source/os_sem.o
                0x00002af4                OSSemPost
 .text.OS_SemDbgListAdd
                0x00002b20       0x4c ./uCOS-III/Source/os_sem.o
                0x00002b20                OS_SemDbgListAdd
 .text.OS_SemInit
                0x00002b6c       0x2c ./uCOS-III/Source/os_sem.o
                0x00002b6c                OS_SemInit
 .text.OS_SemPost
                0x00002b98       0xd4 ./uCOS-III/Source/os_sem.o
                0x00002b98                OS_SemPost
 .text.OSStatReset
                0x00002c6c      0x100 ./uCOS-III/Source/os_stat.o
                0x00002c6c                OSStatReset
 .text.OSStatTaskCPUUsageInit
                0x00002d6c       0xf0 ./uCOS-III/Source/os_stat.o
                0x00002d6c                OSStatTaskCPUUsageInit
 .text.OS_StatTask
                0x00002e5c      0x2f4 ./uCOS-III/Source/os_stat.o
                0x00002e5c                OS_StatTask
 .text.OS_StatTaskInit
                0x00003150       0xd4 ./uCOS-III/Source/os_stat.o
                0x00003150                OS_StatTaskInit
 .text.OSTaskCreate
                0x00003224      0x184 ./uCOS-III/Source/os_task.o
                0x00003224                OSTaskCreate
 .text.OSTaskDel
                0x000033a8      0x1b4 ./uCOS-III/Source/os_task.o
                0x000033a8                OSTaskDel
 .text.OSTaskResume
                0x0000355c       0x20 ./uCOS-III/Source/os_task.o
                0x0000355c                OSTaskResume
 .text.OSTaskSemPend
                0x0000357c      0x190 ./uCOS-III/Source/os_task.o
                0x0000357c                OSTaskSemPend
 .text.OSTaskSemPost
                0x0000370c       0x2c ./uCOS-III/Source/os_task.o
                0x0000370c                OSTaskSemPost
 .text.OSTaskStkChk
                0x00003738       0xb0 ./uCOS-III/Source/os_task.o
                0x00003738                OSTaskStkChk
 .text.OSTaskSuspend
                0x000037e8       0x30 ./uCOS-III/Source/os_task.o
                0x000037e8                OSTaskSuspend
 .text.OS_TaskDbgListAdd
                0x00003818       0x4c ./uCOS-III/Source/os_task.o
                0x00003818                OS_TaskDbgListAdd
 .text.OS_TaskDbgListRemove
                0x00003864       0x84 ./uCOS-III/Source/os_task.o
                0x00003864                OS_TaskDbgListRemove
 .text.OS_TaskInit
                0x000038e8       0x38 ./uCOS-III/Source/os_task.o
                0x000038e8                OS_TaskInit
 .text.OS_TaskInitTCB
                0x00003920      0x19c ./uCOS-III/Source/os_task.o
                0x00003920                OS_TaskInitTCB
 .text.OS_TaskResume
                0x00003abc      0x110 ./uCOS-III/Source/os_task.o
                0x00003abc                OS_TaskResume
 .text.OS_TaskReturn
                0x00003bcc       0x24 ./uCOS-III/Source/os_task.o
                0x00003bcc                OS_TaskReturn
 .text.OS_TaskSemPost
                0x00003bf0      0x114 ./uCOS-III/Source/os_task.o
                0x00003bf0                OS_TaskSemPost
 .text.OS_TaskSuspend
                0x00003d04      0x104 ./uCOS-III/Source/os_task.o
                0x00003d04                OS_TaskSuspend
 .text.OS_TaskChangePrio
                0x00003e08      0x144 ./uCOS-III/Source/os_task.o
                0x00003e08                OS_TaskChangePrio
 .text.OS_TickTask
                0x00003f4c       0x60 ./uCOS-III/Source/os_tick.o
                0x00003f4c                OS_TickTask
 .text.OS_TickTaskInit
                0x00003fac       0xd8 ./uCOS-III/Source/os_tick.o
                0x00003fac                OS_TickTaskInit
 .text.OS_TickListInsert
                0x00004084      0x130 ./uCOS-III/Source/os_tick.o
                0x00004084                OS_TickListInsert
 .text.OS_TickListInsertDly
                0x000041b4      0x108 ./uCOS-III/Source/os_tick.o
                0x000041b4                OS_TickListInsertDly
 .text.OS_TickListRemove
                0x000042bc       0xc8 ./uCOS-III/Source/os_tick.o
                0x000042bc                OS_TickListRemove
 .text.OS_TickListResetPeak
                0x00004384        0xc ./uCOS-III/Source/os_tick.o
                0x00004384                OS_TickListResetPeak
 .text.OS_TickListUpdateDly
                0x00004390       0xb4 ./uCOS-III/Source/os_tick.o
 .text.OS_TickListUpdateTimeout
                0x00004444      0x150 ./uCOS-III/Source/os_tick.o
 .text.OSTimeDly
                0x00004594       0xb8 ./uCOS-III/Source/os_time.o
                0x00004594                OSTimeDly
 .text.OSTimeDlyHMSM
                0x0000464c      0x138 ./uCOS-III/Source/os_time.o
                0x0000464c                OSTimeDlyHMSM
 .text.OSTimeTick
                0x00004784       0x74 ./uCOS-III/Source/os_time.o
                0x00004784                OSTimeTick
 .text.OS_TmrInit
                0x000047f8      0x134 ./uCOS-III/Source/os_tmr.o
                0x000047f8                OS_TmrInit
 .text.OS_TmrResetPeak
                0x0000492c        0xc ./uCOS-III/Source/os_tmr.o
                0x0000492c                OS_TmrResetPeak
 .text.OS_TmrUnlink
                0x00004938       0x7c ./uCOS-III/Source/os_tmr.o
                0x00004938                OS_TmrUnlink
 .text.OS_TmrTask
                0x000049b4       0xcc ./uCOS-III/Source/os_tmr.o
                0x000049b4                OS_TmrTask
 .text.OS_TmrLock
                0x00004a80       0x20 ./uCOS-III/Source/os_tmr.o
 .text.OS_TmrUnlock
                0x00004aa0       0x1c ./uCOS-III/Source/os_tmr.o
 .text.OSIdleTaskHook
                0x00004abc       0x18 ./uCOS-III/Ports/ARM-Cortex-M4/Generic/GNU/os_cpu_c.o
                0x00004abc                OSIdleTaskHook
 .text.OSInitHook
                0x00004ad4       0x38 ./uCOS-III/Ports/ARM-Cortex-M4/Generic/GNU/os_cpu_c.o
                0x00004ad4                OSInitHook
 .text.OSStatTaskHook
                0x00004b0c       0x18 ./uCOS-III/Ports/ARM-Cortex-M4/Generic/GNU/os_cpu_c.o
                0x00004b0c                OSStatTaskHook
 .text.OSTaskCreateHook
                0x00004b24       0x24 ./uCOS-III/Ports/ARM-Cortex-M4/Generic/GNU/os_cpu_c.o
                0x00004b24                OSTaskCreateHook
 .text.OSTaskDelHook
                0x00004b48       0x24 ./uCOS-III/Ports/ARM-Cortex-M4/Generic/GNU/os_cpu_c.o
                0x00004b48                OSTaskDelHook
 .text.OSTaskReturnHook
                0x00004b6c       0x24 ./uCOS-III/Ports/ARM-Cortex-M4/Generic/GNU/os_cpu_c.o
                0x00004b6c                OSTaskReturnHook
 .text.OSTaskStkInit
                0x00004b90      0x34c ./uCOS-III/Ports/ARM-Cortex-M4/Generic/GNU/os_cpu_c.o
                0x00004b90                OSTaskStkInit
 .text.OSTaskSwHook
                0x00004edc       0xa8 ./uCOS-III/Ports/ARM-Cortex-M4/Generic/GNU/os_cpu_c.o
                0x00004edc                OSTaskSwHook
 .text.OSTimeTickHook
                0x00004f84       0x18 ./uCOS-III/Ports/ARM-Cortex-M4/Generic/GNU/os_cpu_c.o
                0x00004f84                OSTimeTickHook
 .text.SysTick_Handler
                0x00004f9c       0x1c ./uCOS-III/Ports/ARM-Cortex-M4/Generic/GNU/os_cpu_c.o
                0x00004f9c                SysTick_Handler
 .text.OS_CPU_SysTickInit
                0x00004fb8       0x54 ./uCOS-III/Ports/ARM-Cortex-M4/Generic/GNU/os_cpu_c.o
                0x00004fb8                OS_CPU_SysTickInit
 .text.Math_Init
                0x0000500c        0xc ./uC-LIB/lib_math.o
                0x0000500c                Math_Init
 .text.Math_RandSetSeed
                0x00005018       0x20 ./uC-LIB/lib_math.o
                0x00005018                Math_RandSetSeed
 .text.Mem_Init
                0x00005038       0x4c ./uC-LIB/lib_mem.o
                0x00005038                Mem_Init
 .text.Mem_Clr  0x00005084       0x1c ./uC-LIB/lib_mem.o
                0x00005084                Mem_Clr
 .text.Mem_Set  0x000050a0       0xb4 ./uC-LIB/lib_mem.o
                0x000050a0                Mem_Set
 .text.Mem_SegCreate
                0x00005154       0x34 ./uC-LIB/lib_mem.o
                0x00005154                Mem_SegCreate
 .text.Mem_SegCreateCritical
                0x00005188       0x48 ./uC-LIB/lib_mem.o
 .text.Str_Len  0x000051d0       0x20 ./uC-LIB/lib_str.o
                0x000051d0                Str_Len
 .text.Str_Len_N
                0x000051f0       0x44 ./uC-LIB/lib_str.o
                0x000051f0                Str_Len_N
 .text.Str_Copy_N
                0x00005234       0x90 ./uC-LIB/lib_str.o
                0x00005234                Str_Copy_N
 .text.CPU_Init
                0x000052c4       0x10 ./uC-CPU/cpu_core.o
                0x000052c4                CPU_Init
 .text.CPU_SW_Exception
                0x000052d4        0x8 ./uC-CPU/cpu_core.o
                0x000052d4                CPU_SW_Exception
 .text.CPU_NameClr
                0x000052dc       0x1c ./uC-CPU/cpu_core.o
                0x000052dc                CPU_NameClr
 .text.CPU_NameSet
                0x000052f8       0x60 ./uC-CPU/cpu_core.o
                0x000052f8                CPU_NameSet
 .text.CPU_TS_TmrFreqSet
                0x00005358       0x1c ./uC-CPU/cpu_core.o
                0x00005358                CPU_TS_TmrFreqSet
 .text.CPU_NameInit
                0x00005374        0xc ./uC-CPU/cpu_core.o
 .text.CPU_TS_Init
                0x00005380       0x3c ./uC-CPU/cpu_core.o
 .text.INT_SYS_InstallHandler
                0x000053bc       0x60 ./KSDK/platform/system/interrupt/src/fsl_interrupt_manager.o
                0x000053bc                INT_SYS_InstallHandler
 .text.INT_SYS_EnableIRQGlobal
                0x0000541c       0x30 ./KSDK/platform/system/interrupt/src/fsl_interrupt_manager.o
                0x0000541c                INT_SYS_EnableIRQGlobal
 .text.INT_SYS_DisableIRQGlobal
                0x0000544c       0x1c ./KSDK/platform/system/interrupt/src/fsl_interrupt_manager.o
                0x0000544c                INT_SYS_DisableIRQGlobal
 .text.CLOCK_SYS_GetUartFreq
                0x00005468       0x58 ./KSDK/platform/system/clock/MK64F12/fsl_clock_K64F12.o
                0x00005468                CLOCK_SYS_GetUartFreq
 .text.CLOCK_SYS_GetSysClkFreq
                0x000054c0       0x8c ./KSDK/platform/system/clock/fsl_clock_manager.o
                0x000054c0                CLOCK_SYS_GetSysClkFreq
 .text.CLOCK_SYS_GetFreq
                0x0000554c      0x164 ./KSDK/platform/system/clock/fsl_clock_manager.o
                0x0000554c                CLOCK_SYS_GetFreq
 .text.SystemInit
                0x000056b0      0x1f4 ./KSDK/platform/startup/MK64F12/system_MK64F12.o
                0x000056b0                SystemInit
 .text.wait_timeout_msec_to_tick
                0x000058a4       0x58 ./KSDK/platform/osa/src/fsl_os_abstraction_ucosiii.o
 .text.OSA_SemaCreate
                0x000058fc       0x34 ./KSDK/platform/osa/src/fsl_os_abstraction_ucosiii.o
                0x000058fc                OSA_SemaCreate
 .text.OSA_SemaWait
                0x00005930       0x6c ./KSDK/platform/osa/src/fsl_os_abstraction_ucosiii.o
                0x00005930                OSA_SemaWait
 .text.OSA_SemaPost
                0x0000599c       0x2c ./KSDK/platform/osa/src/fsl_os_abstraction_ucosiii.o
                0x0000599c                OSA_SemaPost
 .text.OSA_Init
                0x000059c8       0x48 ./KSDK/platform/osa/src/fsl_os_abstraction_ucosiii.o
                0x000059c8                OSA_Init
 .text.OSA_Start
                0x00005a10       0x24 ./KSDK/platform/osa/src/fsl_os_abstraction_ucosiii.o
                0x00005a10                OSA_Start
 .text.UART_HAL_Init
                0x00005a34       0x98 ./KSDK/platform/hal/uart/fsl_uart_hal.o
                0x00005a34                UART_HAL_Init
 .text.UART_HAL_SetBaudRate
                0x00005acc       0xa4 ./KSDK/platform/hal/uart/fsl_uart_hal.o
                0x00005acc                UART_HAL_SetBaudRate
 .text.UART_HAL_Putchar
                0x00005b70       0x24 ./KSDK/platform/hal/uart/fsl_uart_hal.o
                0x00005b70                UART_HAL_Putchar
 .text.UART_HAL_Getchar
                0x00005b94       0x28 ./KSDK/platform/hal/uart/fsl_uart_hal.o
                0x00005b94                UART_HAL_Getchar
 .text.UART_HAL_SetTxFifoCmd
                0x00005bbc       0x5c ./KSDK/platform/hal/uart/fsl_uart_hal.o
                0x00005bbc                UART_HAL_SetTxFifoCmd
 .text.UART_HAL_SetRxFifoCmd
                0x00005c18       0x5c ./KSDK/platform/hal/uart/fsl_uart_hal.o
                0x00005c18                UART_HAL_SetRxFifoCmd
 .text.UART_HAL_FlushTxFifo
                0x00005c74       0x40 ./KSDK/platform/hal/uart/fsl_uart_hal.o
                0x00005c74                UART_HAL_FlushTxFifo
 .text.UART_HAL_FlushRxFifo
                0x00005cb4       0x40 ./KSDK/platform/hal/uart/fsl_uart_hal.o
                0x00005cb4                UART_HAL_FlushRxFifo
 .text.UART_HAL_SetTxFifoWatermark
                0x00005cf4       0x3c ./KSDK/platform/hal/uart/fsl_uart_hal.o
                0x00005cf4                UART_HAL_SetTxFifoWatermark
 .text.UART_HAL_SetRxFifoWatermark
                0x00005d30       0x3c ./KSDK/platform/hal/uart/fsl_uart_hal.o
                0x00005d30                UART_HAL_SetRxFifoWatermark
 .text.SIM_HAL_EnablePortClock
                0x00005d6c       0x8c ./KSDK/platform/hal/sim/MK64F12/fsl_sim_hal_K64F12.o
                0x00005d6c                SIM_HAL_EnablePortClock
 .text.SIM_HAL_EnableUartClock
                0x00005df8       0xa4 ./KSDK/platform/hal/sim/MK64F12/fsl_sim_hal_K64F12.o
                0x00005df8                SIM_HAL_EnableUartClock
 .text.CLOCK_HAL_GetDivider
                0x00005e9c      0x12c ./KSDK/platform/hal/sim/fsl_sim_hal.o
                0x00005e9c                CLOCK_HAL_GetDivider
 .text.CLOCK_HAL_GetClkSrcMode
                0x00005fc8       0x20 ./KSDK/platform/hal/mcg/fsl_mcg_hal.o
 .text.CLOCK_HAL_GetFllExternalRefDivider
                0x00005fe8       0x24 ./KSDK/platform/hal/mcg/fsl_mcg_hal.o
 .text.CLOCK_HAL_GetInternalRefSelMode
                0x0000600c       0x24 ./KSDK/platform/hal/mcg/fsl_mcg_hal.o
 .text.CLOCK_HAL_GetRange0Mode
                0x00006030       0x24 ./KSDK/platform/hal/mcg/fsl_mcg_hal.o
 .text.CLOCK_HAL_GetInternalRefClkSelMode
                0x00006054       0x24 ./KSDK/platform/hal/mcg/fsl_mcg_hal.o
 .text.CLOCK_HAL_GetDmx32
                0x00006078       0x24 ./KSDK/platform/hal/mcg/fsl_mcg_hal.o
 .text.CLOCK_HAL_GetDigitalControlledOscRangeMode
                0x0000609c       0x24 ./KSDK/platform/hal/mcg/fsl_mcg_hal.o
 .text.CLOCK_HAL_GetPllExternalRefDivider0
                0x000060c0       0x20 ./KSDK/platform/hal/mcg/fsl_mcg_hal.o
 .text.CLOCK_HAL_GetPllSelMode
                0x000060e0       0x24 ./KSDK/platform/hal/mcg/fsl_mcg_hal.o
 .text.CLOCK_HAL_GetVoltCtrlOscDivider0
                0x00006104       0x20 ./KSDK/platform/hal/mcg/fsl_mcg_hal.o
 .text.CLOCK_HAL_GetFastClkInternalRefDivider
                0x00006124       0x24 ./KSDK/platform/hal/mcg/fsl_mcg_hal.o
 .text.CLOCK_HAL_GetOscselMode
                0x00006148       0x20 ./KSDK/platform/hal/mcg/fsl_mcg_hal.o
 .text.CLOCK_HAL_GetFllRefClk
                0x00006168       0x9c ./KSDK/platform/hal/mcg/fsl_mcg_hal.o
                0x00006168                CLOCK_HAL_GetFllRefClk
 .text.CLOCK_HAL_GetFllClk
                0x00006204       0xf4 ./KSDK/platform/hal/mcg/fsl_mcg_hal.o
                0x00006204                CLOCK_HAL_GetFllClk
 .text.CLOCK_HAL_GetPll0Clk
                0x000062f8       0x7c ./KSDK/platform/hal/mcg/fsl_mcg_hal.o
                0x000062f8                CLOCK_HAL_GetPll0Clk
 .text.CLOCK_HAL_GetInternalRefClk
                0x00006374       0x3c ./KSDK/platform/hal/mcg/fsl_mcg_hal.o
                0x00006374                CLOCK_HAL_GetInternalRefClk
 .text.CLOCK_HAL_GetOutClk
                0x000063b0       0xa8 ./KSDK/platform/hal/mcg/fsl_mcg_hal.o
                0x000063b0                CLOCK_HAL_GetOutClk
 .text.GPIO_HAL_SetPinDir
                0x00006458       0x68 ./KSDK/platform/hal/gpio/fsl_gpio_hal.o
                0x00006458                GPIO_HAL_SetPinDir
 .text.GPIO_HAL_WritePinOutput
                0x000064c0       0x54 ./KSDK/platform/hal/gpio/fsl_gpio_hal.o
                0x000064c0                GPIO_HAL_WritePinOutput
 .text.NVIC_EnableIRQ
                0x00006514       0x30 ./KSDK/platform/drivers/uart/src/fsl_uart_driver.o
 .text.UART_HAL_EnableTransmitter
                0x00006544       0x24 ./KSDK/platform/drivers/uart/src/fsl_uart_driver.o
 .text.UART_HAL_EnableReceiver
                0x00006568       0x24 ./KSDK/platform/drivers/uart/src/fsl_uart_driver.o
 .text.UART_HAL_SetBitCountPerChar
                0x0000658c       0x28 ./KSDK/platform/drivers/uart/src/fsl_uart_driver.o
 .text.UART_HAL_SetParityMode
                0x000065b4       0x2c ./KSDK/platform/drivers/uart/src/fsl_uart_driver.o
 .text.UART_HAL_SetStopBitCount
                0x000065e0       0x24 ./KSDK/platform/drivers/uart/src/fsl_uart_driver.o
 .text.UART_HAL_SetTxDataRegEmptyIntCmd
                0x00006604       0x28 ./KSDK/platform/drivers/uart/src/fsl_uart_driver.o
 .text.UART_HAL_GetTxDataRegEmptyIntCmd
                0x0000662c       0x30 ./KSDK/platform/drivers/uart/src/fsl_uart_driver.o
 .text.UART_HAL_SetRxDataRegFullIntCmd
                0x0000665c       0x28 ./KSDK/platform/drivers/uart/src/fsl_uart_driver.o
 .text.UART_HAL_GetRxDataRegFullIntCmd
                0x00006684       0x30 ./KSDK/platform/drivers/uart/src/fsl_uart_driver.o
 .text.UART_HAL_IsTxDataRegEmpty
                0x000066b4       0x30 ./KSDK/platform/drivers/uart/src/fsl_uart_driver.o
 .text.UART_HAL_IsRxDataRegFull
                0x000066e4       0x30 ./KSDK/platform/drivers/uart/src/fsl_uart_driver.o
 .text.UART_HAL_GetTxFifoSize
                0x00006714       0x24 ./KSDK/platform/drivers/uart/src/fsl_uart_driver.o
 .text.UART_HAL_GetTxDatawordCountInFifo
                0x00006738       0x1c ./KSDK/platform/drivers/uart/src/fsl_uart_driver.o
 .text.UART_HAL_GetRxDatawordCountInFifo
                0x00006754       0x1c ./KSDK/platform/drivers/uart/src/fsl_uart_driver.o
 .text.CLOCK_SYS_EnableUartClock
                0x00006770       0x20 ./KSDK/platform/drivers/uart/src/fsl_uart_driver.o
 .text.INT_SYS_EnableIRQ
                0x00006790       0x54 ./KSDK/platform/drivers/uart/src/fsl_uart_driver.o
 .text.UART_DRV_Init
                0x000067e4      0x170 ./KSDK/platform/drivers/uart/src/fsl_uart_driver.o
                0x000067e4                UART_DRV_Init
 .text.UART_DRV_InstallRxCallback
                0x00006954       0x54 ./KSDK/platform/drivers/uart/src/fsl_uart_driver.o
                0x00006954                UART_DRV_InstallRxCallback
 .text.UART_DRV_CompleteSendData
                0x000069a8       0x6c ./KSDK/platform/drivers/uart/src/fsl_uart_driver.o
 .text.UART_DRV_StartSendData
                0x00006a14       0xcc ./KSDK/platform/drivers/uart/src/fsl_uart_driver.o
 .text.UART_DRV_CompleteReceiveData
                0x00006ae0       0x6c ./KSDK/platform/drivers/uart/src/fsl_uart_driver.o
 .text.UART_DRV_SendDataBlocking
                0x00006b4c       0xc0 ./KSDK/platform/drivers/uart/src/fsl_uart_driver.o
                0x00006b4c                UART_DRV_SendDataBlocking
 .text.UART_DRV_AbortSendingData
                0x00006c0c       0x5c ./KSDK/platform/drivers/uart/src/fsl_uart_driver.o
                0x00006c0c                UART_DRV_AbortSendingData
 .text.UART_DRV_IRQHandler
                0x00006c68      0x140 ./KSDK/platform/drivers/uart/src/fsl_uart_driver.o
                0x00006c68                UART_DRV_IRQHandler
 .text.NVIC_EnableIRQ
                0x00006da8       0x30 ./KSDK/platform/drivers/gpio/src/fsl_gpio_driver.o
 .text.PORT_HAL_SetPullMode
                0x00006dd8       0x44 ./KSDK/platform/drivers/gpio/src/fsl_gpio_driver.o
 .text.PORT_HAL_SetPullCmd
                0x00006e1c       0x48 ./KSDK/platform/drivers/gpio/src/fsl_gpio_driver.o
 .text.PORT_HAL_SetSlewRateMode
                0x00006e64       0x48 ./KSDK/platform/drivers/gpio/src/fsl_gpio_driver.o
 .text.PORT_HAL_SetPassiveFilterCmd
                0x00006eac       0x48 ./KSDK/platform/drivers/gpio/src/fsl_gpio_driver.o
 .text.PORT_HAL_SetOpenDrainCmd
                0x00006ef4       0x48 ./KSDK/platform/drivers/gpio/src/fsl_gpio_driver.o
 .text.PORT_HAL_SetDriveStrengthMode
                0x00006f3c       0x48 ./KSDK/platform/drivers/gpio/src/fsl_gpio_driver.o
 .text.PORT_HAL_SetDigitalFilterCmd
                0x00006f84       0x4c ./KSDK/platform/drivers/gpio/src/fsl_gpio_driver.o
 .text.PORT_HAL_SetPinIntMode
                0x00006fd0       0x58 ./KSDK/platform/drivers/gpio/src/fsl_gpio_driver.o
 .text.GPIO_HAL_TogglePinOutput
                0x00007028       0x3c ./KSDK/platform/drivers/gpio/src/fsl_gpio_driver.o
 .text.CLOCK_SYS_EnablePortClock
                0x00007064       0x20 ./KSDK/platform/drivers/gpio/src/fsl_gpio_driver.o
 .text.INT_SYS_EnableIRQ
                0x00007084       0x54 ./KSDK/platform/drivers/gpio/src/fsl_gpio_driver.o
 .text.GPIO_DRV_Init
                0x000070d8       0x50 ./KSDK/platform/drivers/gpio/src/fsl_gpio_driver.o
                0x000070d8                GPIO_DRV_Init
 .text.GPIO_DRV_InputPinInit
                0x00007128       0xbc ./KSDK/platform/drivers/gpio/src/fsl_gpio_driver.o
                0x00007128                GPIO_DRV_InputPinInit
 .text.GPIO_DRV_OutputPinInit
                0x000071e4       0x84 ./KSDK/platform/drivers/gpio/src/fsl_gpio_driver.o
                0x000071e4                GPIO_DRV_OutputPinInit
 .text.GPIO_DRV_TogglePinOutput
                0x00007268       0x30 ./KSDK/platform/drivers/gpio/src/fsl_gpio_driver.o
                0x00007268                GPIO_DRV_TogglePinOutput
 .text.CLOCK_SYS_EnablePortClock
                0x00007298       0x20 ./KSDK/boards/frdmk64f120m/hardware_init.o
 .text.hardware_init
                0x000072b8       0x6c ./KSDK/boards/frdmk64f120m/hardware_init.o
                0x000072b8                hardware_init
 .text.PORT_HAL_SetPullMode
                0x00007324       0x44 ./KSDK/boards/frdmk64f120m/pin_mux.o
 .text.PORT_HAL_SetPullCmd
                0x00007368       0x48 ./KSDK/boards/frdmk64f120m/pin_mux.o
 .text.PORT_HAL_SetSlewRateMode
                0x000073b0       0x48 ./KSDK/boards/frdmk64f120m/pin_mux.o
 .text.PORT_HAL_SetPassiveFilterCmd
                0x000073f8       0x48 ./KSDK/boards/frdmk64f120m/pin_mux.o
 .text.PORT_HAL_SetOpenDrainCmd
                0x00007440       0x48 ./KSDK/boards/frdmk64f120m/pin_mux.o
 .text.PORT_HAL_SetDriveStrengthMode
                0x00007488       0x48 ./KSDK/boards/frdmk64f120m/pin_mux.o
 .text.PORT_HAL_SetMuxMode
                0x000074d0       0x54 ./KSDK/boards/frdmk64f120m/pin_mux.o
 .text.configure_enet_pins
                0x00007524       0xc4 ./KSDK/boards/frdmk64f120m/pin_mux.o
                0x00007524                configure_enet_pins
 .text.configure_gpio_pins
                0x000075e8      0x134 ./KSDK/boards/frdmk64f120m/pin_mux.o
                0x000075e8                configure_gpio_pins
 .text.configure_i2c_pins
                0x0000771c       0x78 ./KSDK/boards/frdmk64f120m/pin_mux.o
                0x0000771c                configure_i2c_pins
 .text.configure_sdhc_pins
                0x00007794      0x104 ./KSDK/boards/frdmk64f120m/pin_mux.o
                0x00007794                configure_sdhc_pins
 .text.configure_spi_pins
                0x00007898       0x74 ./KSDK/boards/frdmk64f120m/pin_mux.o
                0x00007898                configure_spi_pins
 .text.configure_uart_pins
                0x0000790c       0x50 ./KSDK/boards/frdmk64f120m/pin_mux.o
                0x0000790c                configure_uart_pins
 .text.configure_ftm_pins
                0x0000795c       0x28 ./KSDK/boards/frdmk64f120m/pin_mux.o
                0x0000795c                configure_ftm_pins
 .text.configure_adc_pins
                0x00007984       0x28 ./KSDK/boards/frdmk64f120m/pin_mux.o
                0x00007984                configure_adc_pins
 .text.init_data_bss
                0x000079ac       0xb8 ./BSP/KSDK/startup.o
                0x000079ac                init_data_bss
 .text.BSP_Ser_Init
                0x00007a64       0x70 ./BSP/bsp_ser.o
                0x00007a64                BSP_Ser_Init
 .text.BSP_Ser_Printf
                0x00007ad4       0x3c ./BSP/bsp_ser.o
                0x00007ad4                BSP_Ser_Printf
 .text.BSP_Ser_WrStr
                0x00007b10       0x44 ./BSP/bsp_ser.o
                0x00007b10                BSP_Ser_WrStr
 .text.BSP_Ser_ISR_Handler
                0x00007b54       0x1c ./BSP/bsp_ser.o
 .text.RxCallBackFnct
                0x00007b70       0x18 ./BSP/bsp_ser.o
 .text.CPU_TS_TmrInit
                0x00007b88       0x48 ./BSP/cpu_bsp.o
                0x00007b88                CPU_TS_TmrInit
 .text.CPU_TS_TmrRd
                0x00007bd0       0x20 ./BSP/cpu_bsp.o
                0x00007bd0                CPU_TS_TmrRd
 .text.NVIC_EnableIRQ
                0x00007bf0       0x30 ./APP/app.o
 .text.INT_SYS_EnableIRQ
                0x00007c20       0x54 ./APP/app.o
 .text.main     0x00007c74       0xd0 ./APP/app.o
                0x00007c74                main
 .text.AppTaskStart
                0x00007d44      0x158 ./APP/app.o
 .text.setup_adc0
                0x00007e9c       0x44 ./APP/app.o
 .text.setup_adc1
                0x00007ee0       0x44 ./APP/app.o
 .text.adc0_int_hdlr
                0x00007f24       0x40 ./APP/app.o
 .text.adc1_int_hdlr
                0x00007f64       0x40 ./APP/app.o
 *fill*         0x00007fa4        0x4 
 .text.TaskIrqAdc0
                0x00007fa8       0xd8 ./APP/app.o
 .text.TaskIrqAdc1
                0x00008080       0xf0 ./APP/app.o
 .text.ftm0_setup
                0x00008170       0x7c ./APP/app.o
 .text.ftm0_int_hdlr
                0x000081ec       0xc8 ./APP/app.o
 *fill*         0x000082b4        0x4 
 .text.Taskftm0
                0x000082b8       0xb0 ./APP/app.o
 .text.print    0x00008368       0x88 ./APP/app.o
 .text.__assert_func
                0x000083f0       0x38 c:/freescale/kds_v3/toolchain/bin/../lib/gcc/arm-none-eabi/4.8.4/../../../../arm-none-eabi/lib/armv7e-m/fpu\libg_s.a(lib_a-assert.o)
                0x000083f0                __assert_func
 .text.exit     0x00008428       0x28 c:/freescale/kds_v3/toolchain/bin/../lib/gcc/arm-none-eabi/4.8.4/../../../../arm-none-eabi/lib/armv7e-m/fpu\libg_s.a(lib_a-exit.o)
                0x00008428                exit
 .text.fprintf  0x00008450       0x24 c:/freescale/kds_v3/toolchain/bin/../lib/gcc/arm-none-eabi/4.8.4/../../../../arm-none-eabi/lib/armv7e-m/fpu\libg_s.a(lib_a-fprintf.o)
                0x00008450                fiprintf
                0x00008450                fprintf
 .text.__libc_init_array
                0x00008474       0x4c c:/freescale/kds_v3/toolchain/bin/../lib/gcc/arm-none-eabi/4.8.4/../../../../arm-none-eabi/lib/armv7e-m/fpu\libg_s.a(lib_a-init.o)
                0x00008474                __libc_init_array
 .text.malloc   0x000084c0       0x10 c:/freescale/kds_v3/toolchain/bin/../lib/gcc/arm-none-eabi/4.8.4/../../../../arm-none-eabi/lib/armv7e-m/fpu\libg_s.a(lib_a-malloc.o)
                0x000084c0                malloc
 .text.memset   0x000084d0       0x10 c:/freescale/kds_v3/toolchain/bin/../lib/gcc/arm-none-eabi/4.8.4/../../../../arm-none-eabi/lib/armv7e-m/fpu\libg_s.a(lib_a-memset.o)
                0x000084d0                memset
 .text._calloc_r
                0x000084e0       0x1c c:/freescale/kds_v3/toolchain/bin/../lib/gcc/arm-none-eabi/4.8.4/../../../../arm-none-eabi/lib/armv7e-m/fpu\libg_s.a(lib_a-nano-callocr.o)
                0x000084e0                _calloc_r
 .text._free_r  0x000084fc       0x88 c:/freescale/kds_v3/toolchain/bin/../lib/gcc/arm-none-eabi/4.8.4/../../../../arm-none-eabi/lib/armv7e-m/fpu\libg_s.a(lib_a-nano-freer.o)
                0x000084fc                _free_r
 .text._malloc_r
                0x00008584       0xa8 c:/freescale/kds_v3/toolchain/bin/../lib/gcc/arm-none-eabi/4.8.4/../../../../arm-none-eabi/lib/armv7e-m/fpu\libg_s.a(lib_a-nano-mallocr.o)
                0x00008584                _malloc_r
 .text._sbrk_r  0x0000862c       0x20 c:/freescale/kds_v3/toolchain/bin/../lib/gcc/arm-none-eabi/4.8.4/../../../../arm-none-eabi/lib/armv7e-m/fpu\libg_s.a(lib_a-sbrkr.o)
                0x0000862c                _sbrk_r
 .text.__sfputc_r
                0x0000864c       0x2c c:/freescale/kds_v3/toolchain/bin/../lib/gcc/arm-none-eabi/4.8.4/../../../../arm-none-eabi/lib/armv7e-m/fpu\libg_s.a(lib_a-vfprintf.o)
 .text.__sfputs_r
                0x00008678       0x24 c:/freescale/kds_v3/toolchain/bin/../lib/gcc/arm-none-eabi/4.8.4/../../../../arm-none-eabi/lib/armv7e-m/fpu\libg_s.a(lib_a-vfprintf.o)
                0x00008678                __sfputs_r
 .text._vfprintf_r
                0x0000869c      0x208 c:/freescale/kds_v3/toolchain/bin/../lib/gcc/arm-none-eabi/4.8.4/../../../../arm-none-eabi/lib/armv7e-m/fpu\libg_s.a(lib_a-vfprintf.o)
                0x0000869c                _vfprintf_r
                0x0000869c                _vfiprintf_r
 .text.__cvt    0x000088a4       0xc0 c:/freescale/kds_v3/toolchain/bin/../lib/gcc/arm-none-eabi/4.8.4/../../../../arm-none-eabi/lib/armv7e-m/fpu\libg_s.a(lib_a-vfprintf_float.o)
                0x000088a4                __cvt
 .text.__exponent
                0x00008964       0x66 c:/freescale/kds_v3/toolchain/bin/../lib/gcc/arm-none-eabi/4.8.4/../../../../arm-none-eabi/lib/armv7e-m/fpu\libg_s.a(lib_a-vfprintf_float.o)
                0x00008964                __exponent
 *fill*         0x000089ca        0x2 
 .text._printf_float
                0x000089cc      0x420 c:/freescale/kds_v3/toolchain/bin/../lib/gcc/arm-none-eabi/4.8.4/../../../../arm-none-eabi/lib/armv7e-m/fpu\libg_s.a(lib_a-vfprintf_float.o)
                0x000089cc                _printf_float
 .text._printf_common
                0x00008dec       0xe4 c:/freescale/kds_v3/toolchain/bin/../lib/gcc/arm-none-eabi/4.8.4/../../../../arm-none-eabi/lib/armv7e-m/fpu\libg_s.a(lib_a-vfprintf_i.o)
                0x00008dec                _printf_common
 .text._printf_i
                0x00008ed0      0x228 c:/freescale/kds_v3/toolchain/bin/../lib/gcc/arm-none-eabi/4.8.4/../../../../arm-none-eabi/lib/armv7e-m/fpu\libg_s.a(lib_a-vfprintf_i.o)
                0x00008ed0                _printf_i
 .text._scanf_float
                0x000090f8      0x3e0 c:/freescale/kds_v3/toolchain/bin/../lib/gcc/arm-none-eabi/4.8.4/../../../../arm-none-eabi/lib/armv7e-m/fpu\libg_s.a(lib_a-vfscanf_float.o)
                0x000090f8                _scanf_float
 .text._vsprintf_r
                0x000094d8       0x30 c:/freescale/kds_v3/toolchain/bin/../lib/gcc/arm-none-eabi/4.8.4/../../../../arm-none-eabi/lib/armv7e-m/fpu\libg_s.a(lib_a-vsprintf.o)
                0x000094d8                _vsprintf_r
                0x000094d8                _vsiprintf_r
 .text.vsprintf
                0x00009508       0x1c c:/freescale/kds_v3/toolchain/bin/../lib/gcc/arm-none-eabi/4.8.4/../../../../arm-none-eabi/lib/armv7e-m/fpu\libg_s.a(lib_a-vsprintf.o)
                0x00009508                vsiprintf
                0x00009508                vsprintf
 .text.__swbuf_r
                0x00009524       0xa8 c:/freescale/kds_v3/toolchain/bin/../lib/gcc/arm-none-eabi/4.8.4/../../../../arm-none-eabi/lib/armv7e-m/fpu\libg_s.a(lib_a-wbuf.o)
                0x00009524                __swbuf_r
 .text.__swsetup_r
                0x000095cc       0xdc c:/freescale/kds_v3/toolchain/bin/../lib/gcc/arm-none-eabi/4.8.4/../../../../arm-none-eabi/lib/armv7e-m/fpu\libg_s.a(lib_a-wsetup.o)
                0x000095cc                __swsetup_r
 .text.abort    0x000096a8        0xe c:/freescale/kds_v3/toolchain/bin/../lib/gcc/arm-none-eabi/4.8.4/../../../../arm-none-eabi/lib/armv7e-m/fpu\libg_s.a(lib_a-abort.o)
                0x000096a8                abort
 .text.quorem   0x000096b6      0x11a c:/freescale/kds_v3/toolchain/bin/../lib/gcc/arm-none-eabi/4.8.4/../../../../arm-none-eabi/lib/armv7e-m/fpu\libg_s.a(lib_a-dtoa.o)
 .text._dtoa_r  0x000097d0      0xb70 c:/freescale/kds_v3/toolchain/bin/../lib/gcc/arm-none-eabi/4.8.4/../../../../arm-none-eabi/lib/armv7e-m/fpu\libg_s.a(lib_a-dtoa.o)
                0x000097d0                _dtoa_r
 .text.__sflush_r
                0x0000a340      0x106 c:/freescale/kds_v3/toolchain/bin/../lib/gcc/arm-none-eabi/4.8.4/../../../../arm-none-eabi/lib/armv7e-m/fpu\libg_s.a(lib_a-fflush.o)
                0x0000a340                __sflush_r
 *fill*         0x0000a446        0x2 
 .text._fflush_r
                0x0000a448       0x54 c:/freescale/kds_v3/toolchain/bin/../lib/gcc/arm-none-eabi/4.8.4/../../../../arm-none-eabi/lib/armv7e-m/fpu\libg_s.a(lib_a-fflush.o)
                0x0000a448                _fflush_r
 .text._cleanup_r
                0x0000a49c       0x32 c:/freescale/kds_v3/toolchain/bin/../lib/gcc/arm-none-eabi/4.8.4/../../../../arm-none-eabi/lib/armv7e-m/fpu\libg_s.a(lib_a-findfp.o)
                0x0000a49c                _cleanup_r
 *fill*         0x0000a4ce        0x2 
 .text.std.isra.0
                0x0000a4d0       0x48 c:/freescale/kds_v3/toolchain/bin/../lib/gcc/arm-none-eabi/4.8.4/../../../../arm-none-eabi/lib/armv7e-m/fpu\libg_s.a(lib_a-findfp.o)
 .text.__sfmoreglue
                0x0000a518       0x2c c:/freescale/kds_v3/toolchain/bin/../lib/gcc/arm-none-eabi/4.8.4/../../../../arm-none-eabi/lib/armv7e-m/fpu\libg_s.a(lib_a-findfp.o)
                0x0000a518                __sfmoreglue
 .text.__sinit  0x0000a544       0x60 c:/freescale/kds_v3/toolchain/bin/../lib/gcc/arm-none-eabi/4.8.4/../../../../arm-none-eabi/lib/armv7e-m/fpu\libg_s.a(lib_a-findfp.o)
                0x0000a544                __sinit
 .text.__sfp    0x0000a5a4       0x74 c:/freescale/kds_v3/toolchain/bin/../lib/gcc/arm-none-eabi/4.8.4/../../../../arm-none-eabi/lib/armv7e-m/fpu\libg_s.a(lib_a-findfp.o)
                0x0000a5a4                __sfp
 .text._localeconv_r
                0x0000a618        0x8 c:/freescale/kds_v3/toolchain/bin/../lib/gcc/arm-none-eabi/4.8.4/../../../../arm-none-eabi/lib/armv7e-m/fpu\libg_s.a(lib_a-locale.o)
                0x0000a618                _localeconv_r
 .text.__smakebuf_r
                0x0000a620       0x9c c:/freescale/kds_v3/toolchain/bin/../lib/gcc/arm-none-eabi/4.8.4/../../../../arm-none-eabi/lib/armv7e-m/fpu\libg_s.a(lib_a-makebuf.o)
                0x0000a620                __smakebuf_r
 .text.memchr   0x0000a6bc       0x1e c:/freescale/kds_v3/toolchain/bin/../lib/gcc/arm-none-eabi/4.8.4/../../../../arm-none-eabi/lib/armv7e-m/fpu\libg_s.a(lib_a-memchr-stub.o)
                0x0000a6bc                memchr
 .text.memcpy   0x0000a6da       0x12 c:/freescale/kds_v3/toolchain/bin/../lib/gcc/arm-none-eabi/4.8.4/../../../../arm-none-eabi/lib/armv7e-m/fpu\libg_s.a(lib_a-memcpy-stub.o)
                0x0000a6da                memcpy
 .text.memmove  0x0000a6ec       0x36 c:/freescale/kds_v3/toolchain/bin/../lib/gcc/arm-none-eabi/4.8.4/../../../../arm-none-eabi/lib/armv7e-m/fpu\libg_s.a(lib_a-memmove.o)
                0x0000a6ec                memmove
 .text._Balloc  0x0000a722       0x6a c:/freescale/kds_v3/toolchain/bin/../lib/gcc/arm-none-eabi/4.8.4/../../../../arm-none-eabi/lib/armv7e-m/fpu\libg_s.a(lib_a-mprec.o)
                0x0000a722                _Balloc
 .text._Bfree   0x0000a78c       0x2e c:/freescale/kds_v3/toolchain/bin/../lib/gcc/arm-none-eabi/4.8.4/../../../../arm-none-eabi/lib/armv7e-m/fpu\libg_s.a(lib_a-mprec.o)
                0x0000a78c                _Bfree
 .text.__multadd
                0x0000a7ba       0x74 c:/freescale/kds_v3/toolchain/bin/../lib/gcc/arm-none-eabi/4.8.4/../../../../arm-none-eabi/lib/armv7e-m/fpu\libg_s.a(lib_a-mprec.o)
                0x0000a7ba                __multadd
 .text.__s2b    0x0000a82e       0x84 c:/freescale/kds_v3/toolchain/bin/../lib/gcc/arm-none-eabi/4.8.4/../../../../arm-none-eabi/lib/armv7e-m/fpu\libg_s.a(lib_a-mprec.o)
                0x0000a82e                __s2b
 .text.__hi0bits
                0x0000a8b2       0x40 c:/freescale/kds_v3/toolchain/bin/../lib/gcc/arm-none-eabi/4.8.4/../../../../arm-none-eabi/lib/armv7e-m/fpu\libg_s.a(lib_a-mprec.o)
                0x0000a8b2                __hi0bits
 .text.__lo0bits
                0x0000a8f2       0x5a c:/freescale/kds_v3/toolchain/bin/../lib/gcc/arm-none-eabi/4.8.4/../../../../arm-none-eabi/lib/armv7e-m/fpu\libg_s.a(lib_a-mprec.o)
                0x0000a8f2                __lo0bits
 .text.__i2b    0x0000a94c       0x12 c:/freescale/kds_v3/toolchain/bin/../lib/gcc/arm-none-eabi/4.8.4/../../../../arm-none-eabi/lib/armv7e-m/fpu\libg_s.a(lib_a-mprec.o)
                0x0000a94c                __i2b
 .text.__multiply
                0x0000a95e      0x130 c:/freescale/kds_v3/toolchain/bin/../lib/gcc/arm-none-eabi/4.8.4/../../../../arm-none-eabi/lib/armv7e-m/fpu\libg_s.a(lib_a-mprec.o)
                0x0000a95e                __multiply
 *fill*         0x0000aa8e        0x2 
 .text.__pow5mult
                0x0000aa90       0x9c c:/freescale/kds_v3/toolchain/bin/../lib/gcc/arm-none-eabi/4.8.4/../../../../arm-none-eabi/lib/armv7e-m/fpu\libg_s.a(lib_a-mprec.o)
                0x0000aa90                __pow5mult
 .text.__lshift
                0x0000ab2c       0xa6 c:/freescale/kds_v3/toolchain/bin/../lib/gcc/arm-none-eabi/4.8.4/../../../../arm-none-eabi/lib/armv7e-m/fpu\libg_s.a(lib_a-mprec.o)
                0x0000ab2c                __lshift
 .text.__mcmp   0x0000abd2       0x3a c:/freescale/kds_v3/toolchain/bin/../lib/gcc/arm-none-eabi/4.8.4/../../../../arm-none-eabi/lib/armv7e-m/fpu\libg_s.a(lib_a-mprec.o)
                0x0000abd2                __mcmp
 .text.__mdiff  0x0000ac0c       0xbc c:/freescale/kds_v3/toolchain/bin/../lib/gcc/arm-none-eabi/4.8.4/../../../../arm-none-eabi/lib/armv7e-m/fpu\libg_s.a(lib_a-mprec.o)
                0x0000ac0c                __mdiff
 .text.__ulp    0x0000acc8       0x4a c:/freescale/kds_v3/toolchain/bin/../lib/gcc/arm-none-eabi/4.8.4/../../../../arm-none-eabi/lib/armv7e-m/fpu\libg_s.a(lib_a-mprec.o)
                0x0000acc8                __ulp
 .text.__b2d    0x0000ad12       0xa6 c:/freescale/kds_v3/toolchain/bin/../lib/gcc/arm-none-eabi/4.8.4/../../../../arm-none-eabi/lib/armv7e-m/fpu\libg_s.a(lib_a-mprec.o)
                0x0000ad12                __b2d
 .text.__d2b    0x0000adb8       0xa0 c:/freescale/kds_v3/toolchain/bin/../lib/gcc/arm-none-eabi/4.8.4/../../../../arm-none-eabi/lib/armv7e-m/fpu\libg_s.a(lib_a-mprec.o)
                0x0000adb8                __d2b
 .text.__ratio  0x0000ae58       0x4e c:/freescale/kds_v3/toolchain/bin/../lib/gcc/arm-none-eabi/4.8.4/../../../../arm-none-eabi/lib/armv7e-m/fpu\libg_s.a(lib_a-mprec.o)
                0x0000ae58                __ratio
 .text.__copybits
                0x0000aea6       0x32 c:/freescale/kds_v3/toolchain/bin/../lib/gcc/arm-none-eabi/4.8.4/../../../../arm-none-eabi/lib/armv7e-m/fpu\libg_s.a(lib_a-mprec.o)
                0x0000aea6                __copybits
 .text.__any_on
                0x0000aed8       0x48 c:/freescale/kds_v3/toolchain/bin/../lib/gcc/arm-none-eabi/4.8.4/../../../../arm-none-eabi/lib/armv7e-m/fpu\libg_s.a(lib_a-mprec.o)
                0x0000aed8                __any_on
 .text._realloc_r
                0x0000af20       0x4c c:/freescale/kds_v3/toolchain/bin/../lib/gcc/arm-none-eabi/4.8.4/../../../../arm-none-eabi/lib/armv7e-m/fpu\libg_s.a(lib_a-nano-reallocr.o)
                0x0000af20                _realloc_r
 .text.__fpclassifyd
                0x0000af6c       0x48 c:/freescale/kds_v3/toolchain/bin/../lib/gcc/arm-none-eabi/4.8.4/../../../../arm-none-eabi/lib/armv7e-m/fpu\libg_s.a(lib_a-s_fpclassify.o)
                0x0000af6c                __fpclassifyd
 .text.nanf     0x0000afb4        0xc c:/freescale/kds_v3/toolchain/bin/../lib/gcc/arm-none-eabi/4.8.4/../../../../arm-none-eabi/lib/armv7e-m/fpu\libg_s.a(lib_a-sf_nan.o)
                0x0000afb4                nanf
 .text._raise_r
                0x0000afc0       0x50 c:/freescale/kds_v3/toolchain/bin/../lib/gcc/arm-none-eabi/4.8.4/../../../../arm-none-eabi/lib/armv7e-m/fpu\libg_s.a(lib_a-signal.o)
                0x0000afc0                _raise_r
 .text.raise    0x0000b010       0x10 c:/freescale/kds_v3/toolchain/bin/../lib/gcc/arm-none-eabi/4.8.4/../../../../arm-none-eabi/lib/armv7e-m/fpu\libg_s.a(lib_a-signal.o)
                0x0000b010                raise
 .text._kill_r  0x0000b020       0x24 c:/freescale/kds_v3/toolchain/bin/../lib/gcc/arm-none-eabi/4.8.4/../../../../arm-none-eabi/lib/armv7e-m/fpu\libg_s.a(lib_a-signalr.o)
                0x0000b020                _kill_r
 .text._getpid_r
                0x0000b044        0x4 c:/freescale/kds_v3/toolchain/bin/../lib/gcc/arm-none-eabi/4.8.4/../../../../arm-none-eabi/lib/armv7e-m/fpu\libg_s.a(lib_a-signalr.o)
                0x0000b044                _getpid_r
 .text.sprintf  0x0000b048       0x48 c:/freescale/kds_v3/toolchain/bin/../lib/gcc/arm-none-eabi/4.8.4/../../../../arm-none-eabi/lib/armv7e-m/fpu\libg_s.a(lib_a-sprintf.o)
                0x0000b048                siprintf
                0x0000b048                sprintf
 .text.__sread  0x0000b090       0x22 c:/freescale/kds_v3/toolchain/bin/../lib/gcc/arm-none-eabi/4.8.4/../../../../arm-none-eabi/lib/armv7e-m/fpu\libg_s.a(lib_a-stdio.o)
                0x0000b090                __sread
 .text.__swrite
                0x0000b0b2       0x38 c:/freescale/kds_v3/toolchain/bin/../lib/gcc/arm-none-eabi/4.8.4/../../../../arm-none-eabi/lib/armv7e-m/fpu\libg_s.a(lib_a-stdio.o)
                0x0000b0b2                __swrite
 .text.__sseek  0x0000b0ea       0x24 c:/freescale/kds_v3/toolchain/bin/../lib/gcc/arm-none-eabi/4.8.4/../../../../arm-none-eabi/lib/armv7e-m/fpu\libg_s.a(lib_a-stdio.o)
                0x0000b0ea                __sseek
 .text.__sclose
                0x0000b10e        0x8 c:/freescale/kds_v3/toolchain/bin/../lib/gcc/arm-none-eabi/4.8.4/../../../../arm-none-eabi/lib/armv7e-m/fpu\libg_s.a(lib_a-stdio.o)
                0x0000b10e                __sclose
 .text.strlen   0x0000b116       0x10 c:/freescale/kds_v3/toolchain/bin/../lib/gcc/arm-none-eabi/4.8.4/../../../../arm-none-eabi/lib/armv7e-m/fpu\libg_s.a(lib_a-strlen.o)
                0x0000b116                strlen
 .text.match    0x0000b126       0x28 c:/freescale/kds_v3/toolchain/bin/../lib/gcc/arm-none-eabi/4.8.4/../../../../arm-none-eabi/lib/armv7e-m/fpu\libg_s.a(lib_a-strtod.o)
 .text.sulp     0x0000b14e       0x34 c:/freescale/kds_v3/toolchain/bin/../lib/gcc/arm-none-eabi/4.8.4/../../../../arm-none-eabi/lib/armv7e-m/fpu\libg_s.a(lib_a-strtod.o)
 *fill*         0x0000b182        0x6 
 .text._strtod_r
                0x0000b188      0xc48 c:/freescale/kds_v3/toolchain/bin/../lib/gcc/arm-none-eabi/4.8.4/../../../../arm-none-eabi/lib/armv7e-m/fpu\libg_s.a(lib_a-strtod.o)
                0x0000b188                _strtod_r
 .text._strtol_r
                0x0000bdd0      0x104 c:/freescale/kds_v3/toolchain/bin/../lib/gcc/arm-none-eabi/4.8.4/../../../../arm-none-eabi/lib/armv7e-m/fpu\libg_s.a(lib_a-strtol.o)
                0x0000bdd0                _strtol_r
 .text.__ssputs_r
                0x0000bed4       0xb8 c:/freescale/kds_v3/toolchain/bin/../lib/gcc/arm-none-eabi/4.8.4/../../../../arm-none-eabi/lib/armv7e-m/fpu\libg_s.a(lib_a-svfprintf.o)
                0x0000bed4                __ssputs_r
 .text._svfprintf_r
                0x0000bf8c      0x1dc c:/freescale/kds_v3/toolchain/bin/../lib/gcc/arm-none-eabi/4.8.4/../../../../arm-none-eabi/lib/armv7e-m/fpu\libg_s.a(lib_a-svfprintf.o)
                0x0000bf8c                _svfiprintf_r
                0x0000bf8c                _svfprintf_r
 .text._write_r
                0x0000c168       0x24 c:/freescale/kds_v3/toolchain/bin/../lib/gcc/arm-none-eabi/4.8.4/../../../../arm-none-eabi/lib/armv7e-m/fpu\libg_s.a(lib_a-writer.o)
                0x0000c168                _write_r
 .text._close_r
                0x0000c18c       0x20 c:/freescale/kds_v3/toolchain/bin/../lib/gcc/arm-none-eabi/4.8.4/../../../../arm-none-eabi/lib/armv7e-m/fpu\libg_s.a(lib_a-closer.o)
                0x0000c18c                _close_r
 .text._fstat_r
                0x0000c1ac       0x24 c:/freescale/kds_v3/toolchain/bin/../lib/gcc/arm-none-eabi/4.8.4/../../../../arm-none-eabi/lib/armv7e-m/fpu\libg_s.a(lib_a-fstatr.o)
                0x0000c1ac                _fstat_r
 .text.rshift   0x0000c1d0       0x6a c:/freescale/kds_v3/toolchain/bin/../lib/gcc/arm-none-eabi/4.8.4/../../../../arm-none-eabi/lib/armv7e-m/fpu\libg_s.a(lib_a-gdtoa-gethex.o)
 .text.__hexdig_fun
                0x0000c23a       0x2a c:/freescale/kds_v3/toolchain/bin/../lib/gcc/arm-none-eabi/4.8.4/../../../../arm-none-eabi/lib/armv7e-m/fpu\libg_s.a(lib_a-gdtoa-gethex.o)
                0x0000c23a                __hexdig_fun
 .text.__gethex
                0x0000c264      0x45e c:/freescale/kds_v3/toolchain/bin/../lib/gcc/arm-none-eabi/4.8.4/../../../../arm-none-eabi/lib/armv7e-m/fpu\libg_s.a(lib_a-gdtoa-gethex.o)
                0x0000c264                __gethex
 .text.L_shift  0x0000c6c2       0x26 c:/freescale/kds_v3/toolchain/bin/../lib/gcc/arm-none-eabi/4.8.4/../../../../arm-none-eabi/lib/armv7e-m/fpu\libg_s.a(lib_a-gdtoa-hexnan.o)
 .text.__hexnan
                0x0000c6e8      0x120 c:/freescale/kds_v3/toolchain/bin/../lib/gcc/arm-none-eabi/4.8.4/../../../../arm-none-eabi/lib/armv7e-m/fpu\libg_s.a(lib_a-gdtoa-hexnan.o)
                0x0000c6e8                __hexnan
 .text._isatty_r
                0x0000c808       0x20 c:/freescale/kds_v3/toolchain/bin/../lib/gcc/arm-none-eabi/4.8.4/../../../../arm-none-eabi/lib/armv7e-m/fpu\libg_s.a(lib_a-isattyr.o)
                0x0000c808                _isatty_r
 .text._lseek_r
                0x0000c828       0x24 c:/freescale/kds_v3/toolchain/bin/../lib/gcc/arm-none-eabi/4.8.4/../../../../arm-none-eabi/lib/armv7e-m/fpu\libg_s.a(lib_a-lseekr.o)
                0x0000c828                _lseek_r
 .text._malloc_usable_size_r
                0x0000c84c       0x12 c:/freescale/kds_v3/toolchain/bin/../lib/gcc/arm-none-eabi/4.8.4/../../../../arm-none-eabi/lib/armv7e-m/fpu\libg_s.a(lib_a-nano-msizer.o)
                0x0000c84c                _malloc_usable_size_r
 *fill*         0x0000c85e        0x2 
 .text._read_r  0x0000c860       0x24 c:/freescale/kds_v3/toolchain/bin/../lib/gcc/arm-none-eabi/4.8.4/../../../../arm-none-eabi/lib/armv7e-m/fpu\libg_s.a(lib_a-readr.o)
                0x0000c860                _read_r
 .text.strncmp  0x0000c884       0x2e c:/freescale/kds_v3/toolchain/bin/../lib/gcc/arm-none-eabi/4.8.4/../../../../arm-none-eabi/lib/armv7e-m/fpu\libg_s.a(lib_a-strncmp.o)
                0x0000c884                strncmp
 *fill*         0x0000c8b2        0x2 
 .text._close   0x0000c8b4       0x10 c:/freescale/kds_v3/toolchain/bin/../lib/gcc/arm-none-eabi/4.8.4/../../../../arm-none-eabi/lib/armv7e-m/fpu\libnosys.a(close.o)
                0x0000c8b4                _close
 .text._fstat   0x0000c8c4       0x10 c:/freescale/kds_v3/toolchain/bin/../lib/gcc/arm-none-eabi/4.8.4/../../../../arm-none-eabi/lib/armv7e-m/fpu\libnosys.a(fstat.o)
                0x0000c8c4                _fstat
 .text._getpid  0x0000c8d4       0x10 c:/freescale/kds_v3/toolchain/bin/../lib/gcc/arm-none-eabi/4.8.4/../../../../arm-none-eabi/lib/armv7e-m/fpu\libnosys.a(getpid.o)
                0x0000c8d4                _getpid
 .text._isatty  0x0000c8e4       0x10 c:/freescale/kds_v3/toolchain/bin/../lib/gcc/arm-none-eabi/4.8.4/../../../../arm-none-eabi/lib/armv7e-m/fpu\libnosys.a(isatty.o)
                0x0000c8e4                _isatty
 .text._kill    0x0000c8f4       0x10 c:/freescale/kds_v3/toolchain/bin/../lib/gcc/arm-none-eabi/4.8.4/../../../../arm-none-eabi/lib/armv7e-m/fpu\libnosys.a(kill.o)
                0x0000c8f4                _kill
 .text._lseek   0x0000c904       0x10 c:/freescale/kds_v3/toolchain/bin/../lib/gcc/arm-none-eabi/4.8.4/../../../../arm-none-eabi/lib/armv7e-m/fpu\libnosys.a(lseek.o)
                0x0000c904                _lseek
 .text._read    0x0000c914       0x10 c:/freescale/kds_v3/toolchain/bin/../lib/gcc/arm-none-eabi/4.8.4/../../../../arm-none-eabi/lib/armv7e-m/fpu\libnosys.a(read.o)
                0x0000c914                _read
 .text._sbrk    0x0000c924       0x34 c:/freescale/kds_v3/toolchain/bin/../lib/gcc/arm-none-eabi/4.8.4/../../../../arm-none-eabi/lib/armv7e-m/fpu\libnosys.a(sbrk.o)
                0x0000c924                _sbrk
 .text._write   0x0000c958       0x10 c:/freescale/kds_v3/toolchain/bin/../lib/gcc/arm-none-eabi/4.8.4/../../../../arm-none-eabi/lib/armv7e-m/fpu\libnosys.a(write.o)
                0x0000c958                _write
 .text._exit    0x0000c968        0x4 c:/freescale/kds_v3/toolchain/bin/../lib/gcc/arm-none-eabi/4.8.4/../../../../arm-none-eabi/lib/armv7e-m/fpu\libnosys.a(_exit.o)
                0x0000c968                _exit
 *(.rodata)
 .rodata        0x0000c96c       0x2c ./uCOS-III/Source/os_core.o
 .rodata        0x0000c998        0xc ./uCOS-III/Source/os_mutex.o
 .rodata        0x0000c9a4        0xc ./uCOS-III/Source/os_sem.o
 .rodata        0x0000c9b0       0x14 ./uCOS-III/Source/os_stat.o
 .rodata        0x0000c9c4        0xc ./uCOS-III/Source/os_task.o
 .rodata        0x0000c9d0       0x14 ./uCOS-III/Source/os_tick.o
 .rodata        0x0000c9e4       0x30 ./uCOS-III/Source/os_tmr.o
 .rodata        0x0000ca14       0x40 ./uC-LIB/lib_mem.o
 .rodata        0x0000ca54       0xcc ./KSDK/platform/system/interrupt/src/fsl_interrupt_manager.o
 .rodata        0x0000cb20       0x28 ./KSDK/platform/osa/src/fsl_os_abstraction_ucosiii.o
 .rodata        0x0000cb48      0x144 ./KSDK/platform/hal/sim/fsl_sim_hal.o
 .rodata        0x0000cc8c       0x6c ./KSDK/platform/hal/gpio/fsl_gpio_hal.o
 .rodata        0x0000ccf8      0x16c ./KSDK/platform/drivers/uart/src/fsl_uart_driver.o
 .rodata        0x0000ce64      0x184 ./KSDK/platform/drivers/gpio/src/fsl_gpio_driver.o
 .rodata        0x0000cfe8       0x6c ./KSDK/boards/frdmk64f120m/pin_mux.o
 .rodata        0x0000d054      0x298 ./APP/app.o
 *(.rodata*)
 .rodata.OSCfg_IdleTaskStkBasePtr
                0x0000d2ec        0x4 ./uCOS-III/Source/os_cfg_app.o
                0x0000d2ec                OSCfg_IdleTaskStkBasePtr
 .rodata.OSCfg_IdleTaskStkLimit
                0x0000d2f0        0x4 ./uCOS-III/Source/os_cfg_app.o
                0x0000d2f0                OSCfg_IdleTaskStkLimit
 .rodata.OSCfg_IdleTaskStkSize
                0x0000d2f4        0x4 ./uCOS-III/Source/os_cfg_app.o
                0x0000d2f4                OSCfg_IdleTaskStkSize
 .rodata.OSCfg_ISRStkBasePtr
                0x0000d2f8        0x4 ./uCOS-III/Source/os_cfg_app.o
                0x0000d2f8                OSCfg_ISRStkBasePtr
 .rodata.OSCfg_ISRStkSize
                0x0000d2fc        0x4 ./uCOS-III/Source/os_cfg_app.o
                0x0000d2fc                OSCfg_ISRStkSize
 .rodata.OSCfg_MsgPoolSize
                0x0000d300        0x2 ./uCOS-III/Source/os_cfg_app.o
                0x0000d300                OSCfg_MsgPoolSize
 *fill*         0x0000d302        0x2 
 .rodata.OSCfg_MsgPoolBasePtr
                0x0000d304        0x4 ./uCOS-III/Source/os_cfg_app.o
                0x0000d304                OSCfg_MsgPoolBasePtr
 .rodata.OSCfg_StatTaskPrio
                0x0000d308        0x1 ./uCOS-III/Source/os_cfg_app.o
                0x0000d308                OSCfg_StatTaskPrio
 *fill*         0x0000d309        0x3 
 .rodata.OSCfg_StatTaskRate_Hz
                0x0000d30c        0x4 ./uCOS-III/Source/os_cfg_app.o
                0x0000d30c                OSCfg_StatTaskRate_Hz
 .rodata.OSCfg_StatTaskStkBasePtr
                0x0000d310        0x4 ./uCOS-III/Source/os_cfg_app.o
                0x0000d310                OSCfg_StatTaskStkBasePtr
 .rodata.OSCfg_StatTaskStkLimit
                0x0000d314        0x4 ./uCOS-III/Source/os_cfg_app.o
                0x0000d314                OSCfg_StatTaskStkLimit
 .rodata.OSCfg_StatTaskStkSize
                0x0000d318        0x4 ./uCOS-III/Source/os_cfg_app.o
                0x0000d318                OSCfg_StatTaskStkSize
 .rodata.OSCfg_StkSizeMin
                0x0000d31c        0x4 ./uCOS-III/Source/os_cfg_app.o
                0x0000d31c                OSCfg_StkSizeMin
 .rodata.OSCfg_TickRate_Hz
                0x0000d320        0x4 ./uCOS-III/Source/os_cfg_app.o
                0x0000d320                OSCfg_TickRate_Hz
 .rodata.OSCfg_TickTaskPrio
                0x0000d324        0x1 ./uCOS-III/Source/os_cfg_app.o
                0x0000d324                OSCfg_TickTaskPrio
 *fill*         0x0000d325        0x3 
 .rodata.OSCfg_TickTaskStkBasePtr
                0x0000d328        0x4 ./uCOS-III/Source/os_cfg_app.o
                0x0000d328                OSCfg_TickTaskStkBasePtr
 .rodata.OSCfg_TickTaskStkLimit
                0x0000d32c        0x4 ./uCOS-III/Source/os_cfg_app.o
                0x0000d32c                OSCfg_TickTaskStkLimit
 .rodata.OSCfg_TickTaskStkSize
                0x0000d330        0x4 ./uCOS-III/Source/os_cfg_app.o
                0x0000d330                OSCfg_TickTaskStkSize
 .rodata.OSCfg_TmrTaskPrio
                0x0000d334        0x1 ./uCOS-III/Source/os_cfg_app.o
                0x0000d334                OSCfg_TmrTaskPrio
 *fill*         0x0000d335        0x3 
 .rodata.OSCfg_TmrTaskRate_Hz
                0x0000d338        0x4 ./uCOS-III/Source/os_cfg_app.o
                0x0000d338                OSCfg_TmrTaskRate_Hz
 .rodata.OSCfg_TmrTaskStkBasePtr
                0x0000d33c        0x4 ./uCOS-III/Source/os_cfg_app.o
                0x0000d33c                OSCfg_TmrTaskStkBasePtr
 .rodata.OSCfg_TmrTaskStkLimit
                0x0000d340        0x4 ./uCOS-III/Source/os_cfg_app.o
                0x0000d340                OSCfg_TmrTaskStkLimit
 .rodata.OSCfg_TmrTaskStkSize
                0x0000d344        0x4 ./uCOS-III/Source/os_cfg_app.o
                0x0000d344                OSCfg_TmrTaskStkSize
 .rodata.OSDbg_DbgEn
                0x0000d348        0x1 ./uCOS-III/Source/os_dbg.o
                0x0000d348                OSDbg_DbgEn
 .rodata.OSDbg_ArgChkEn
                0x0000d349        0x1 ./uCOS-III/Source/os_dbg.o
                0x0000d349                OSDbg_ArgChkEn
 .rodata.OSDbg_AppHooksEn
                0x0000d34a        0x1 ./uCOS-III/Source/os_dbg.o
                0x0000d34a                OSDbg_AppHooksEn
 *fill*         0x0000d34b        0x1 
 .rodata.OSDbg_EndiannessTest
                0x0000d34c        0x4 ./uCOS-III/Source/os_dbg.o
                0x0000d34c                OSDbg_EndiannessTest
 .rodata.OSDbg_CalledFromISRChkEn
                0x0000d350        0x1 ./uCOS-III/Source/os_dbg.o
                0x0000d350                OSDbg_CalledFromISRChkEn
 .rodata.OSDbg_FlagEn
                0x0000d351        0x1 ./uCOS-III/Source/os_dbg.o
                0x0000d351                OSDbg_FlagEn
 *fill*         0x0000d352        0x2 
 .rodata.OSDbg_FlagGrp
                0x0000d354       0x28 ./uCOS-III/Source/os_dbg.o
                0x0000d354                OSDbg_FlagGrp
 .rodata.OSDbg_FlagDelEn
                0x0000d37c        0x1 ./uCOS-III/Source/os_dbg.o
                0x0000d37c                OSDbg_FlagDelEn
 .rodata.OSDbg_FlagModeClrEn
                0x0000d37d        0x1 ./uCOS-III/Source/os_dbg.o
                0x0000d37d                OSDbg_FlagModeClrEn
 .rodata.OSDbg_FlagPendAbortEn
                0x0000d37e        0x1 ./uCOS-III/Source/os_dbg.o
                0x0000d37e                OSDbg_FlagPendAbortEn
 *fill*         0x0000d37f        0x1 
 .rodata.OSDbg_FlagGrpSize
                0x0000d380        0x2 ./uCOS-III/Source/os_dbg.o
                0x0000d380                OSDbg_FlagGrpSize
 .rodata.OSDbg_FlagWidth
                0x0000d382        0x2 ./uCOS-III/Source/os_dbg.o
                0x0000d382                OSDbg_FlagWidth
 .rodata.OSDbg_ISRPostDeferredEn
                0x0000d384        0x1 ./uCOS-III/Source/os_dbg.o
                0x0000d384                OSDbg_ISRPostDeferredEn
 *fill*         0x0000d385        0x3 
 .rodata.OSDbg_Mem
                0x0000d388       0x20 ./uCOS-III/Source/os_dbg.o
                0x0000d388                OSDbg_Mem
 .rodata.OSDbg_MemEn
                0x0000d3a8        0x1 ./uCOS-III/Source/os_dbg.o
                0x0000d3a8                OSDbg_MemEn
 *fill*         0x0000d3a9        0x1 
 .rodata.OSDbg_MemSize
                0x0000d3aa        0x2 ./uCOS-III/Source/os_dbg.o
                0x0000d3aa                OSDbg_MemSize
 .rodata.OSDbg_MsgEn
                0x0000d3ac        0x1 ./uCOS-III/Source/os_dbg.o
                0x0000d3ac                OSDbg_MsgEn
 *fill*         0x0000d3ad        0x1 
 .rodata.OSDbg_MsgSize
                0x0000d3ae        0x2 ./uCOS-III/Source/os_dbg.o
                0x0000d3ae                OSDbg_MsgSize
 .rodata.OSDbg_MsgPoolSize
                0x0000d3b0        0x2 ./uCOS-III/Source/os_dbg.o
                0x0000d3b0                OSDbg_MsgPoolSize
 .rodata.OSDbg_MsgQSize
                0x0000d3b2        0x2 ./uCOS-III/Source/os_dbg.o
                0x0000d3b2                OSDbg_MsgQSize
 .rodata.OSDbg_Mutex
                0x0000d3b4       0x30 ./uCOS-III/Source/os_dbg.o
                0x0000d3b4                OSDbg_Mutex
 .rodata.OSDbg_MutexEn
                0x0000d3e4        0x1 ./uCOS-III/Source/os_dbg.o
                0x0000d3e4                OSDbg_MutexEn
 .rodata.OSDbg_MutexDelEn
                0x0000d3e5        0x1 ./uCOS-III/Source/os_dbg.o
                0x0000d3e5                OSDbg_MutexDelEn
 .rodata.OSDbg_MutexPendAbortEn
                0x0000d3e6        0x1 ./uCOS-III/Source/os_dbg.o
                0x0000d3e6                OSDbg_MutexPendAbortEn
 *fill*         0x0000d3e7        0x1 
 .rodata.OSDbg_MutexSize
                0x0000d3e8        0x2 ./uCOS-III/Source/os_dbg.o
                0x0000d3e8                OSDbg_MutexSize
 .rodata.OSDbg_ObjTypeChkEn
                0x0000d3ea        0x1 ./uCOS-III/Source/os_dbg.o
                0x0000d3ea                OSDbg_ObjTypeChkEn
 .rodata.OSDbg_PendMultiEn
                0x0000d3eb        0x1 ./uCOS-III/Source/os_dbg.o
                0x0000d3eb                OSDbg_PendMultiEn
 .rodata.OSDbg_PendDataSize
                0x0000d3ec        0x2 ./uCOS-III/Source/os_dbg.o
                0x0000d3ec                OSDbg_PendDataSize
 .rodata.OSDbg_PendListSize
                0x0000d3ee        0x2 ./uCOS-III/Source/os_dbg.o
                0x0000d3ee                OSDbg_PendListSize
 .rodata.OSDbg_PendObjSize
                0x0000d3f0        0x2 ./uCOS-III/Source/os_dbg.o
                0x0000d3f0                OSDbg_PendObjSize
 .rodata.OSDbg_PrioMax
                0x0000d3f2        0x2 ./uCOS-III/Source/os_dbg.o
                0x0000d3f2                OSDbg_PrioMax
 .rodata.OSDbg_PrioTblSize
                0x0000d3f4        0x2 ./uCOS-III/Source/os_dbg.o
                0x0000d3f4                OSDbg_PrioTblSize
 .rodata.OSDbg_PtrSize
                0x0000d3f6        0x2 ./uCOS-III/Source/os_dbg.o
                0x0000d3f6                OSDbg_PtrSize
 .rodata.OSDbg_Q
                0x0000d3f8       0x30 ./uCOS-III/Source/os_dbg.o
                0x0000d3f8                OSDbg_Q
 .rodata.OSDbg_QEn
                0x0000d428        0x1 ./uCOS-III/Source/os_dbg.o
                0x0000d428                OSDbg_QEn
 .rodata.OSDbg_QDelEn
                0x0000d429        0x1 ./uCOS-III/Source/os_dbg.o
                0x0000d429                OSDbg_QDelEn
 .rodata.OSDbg_QFlushEn
                0x0000d42a        0x1 ./uCOS-III/Source/os_dbg.o
                0x0000d42a                OSDbg_QFlushEn
 .rodata.OSDbg_QPendAbortEn
                0x0000d42b        0x1 ./uCOS-III/Source/os_dbg.o
                0x0000d42b                OSDbg_QPendAbortEn
 .rodata.OSDbg_QSize
                0x0000d42c        0x2 ./uCOS-III/Source/os_dbg.o
                0x0000d42c                OSDbg_QSize
 .rodata.OSDbg_SchedRoundRobinEn
                0x0000d42e        0x1 ./uCOS-III/Source/os_dbg.o
                0x0000d42e                OSDbg_SchedRoundRobinEn
 *fill*         0x0000d42f        0x1 
 .rodata.OSDbg_Sem
                0x0000d430       0x28 ./uCOS-III/Source/os_dbg.o
                0x0000d430                OSDbg_Sem
 .rodata.OSDbg_SemEn
                0x0000d458        0x1 ./uCOS-III/Source/os_dbg.o
                0x0000d458                OSDbg_SemEn
 .rodata.OSDbg_SemDelEn
                0x0000d459        0x1 ./uCOS-III/Source/os_dbg.o
                0x0000d459                OSDbg_SemDelEn
 .rodata.OSDbg_SemPendAbortEn
                0x0000d45a        0x1 ./uCOS-III/Source/os_dbg.o
                0x0000d45a                OSDbg_SemPendAbortEn
 .rodata.OSDbg_SemSetEn
                0x0000d45b        0x1 ./uCOS-III/Source/os_dbg.o
                0x0000d45b                OSDbg_SemSetEn
 .rodata.OSDbg_SemSize
                0x0000d45c        0x2 ./uCOS-III/Source/os_dbg.o
                0x0000d45c                OSDbg_SemSize
 .rodata.OSDbg_RdyList
                0x0000d45e        0x2 ./uCOS-III/Source/os_dbg.o
                0x0000d45e                OSDbg_RdyList
 .rodata.OSDbg_RdyListSize
                0x0000d460        0x4 ./uCOS-III/Source/os_dbg.o
                0x0000d460                OSDbg_RdyListSize
 .rodata.OSDbg_StkWidth
                0x0000d464        0x1 ./uCOS-III/Source/os_dbg.o
                0x0000d464                OSDbg_StkWidth
 .rodata.OSDbg_StatTaskEn
                0x0000d465        0x1 ./uCOS-III/Source/os_dbg.o
                0x0000d465                OSDbg_StatTaskEn
 .rodata.OSDbg_StatTaskStkChkEn
                0x0000d466        0x1 ./uCOS-III/Source/os_dbg.o
                0x0000d466                OSDbg_StatTaskStkChkEn
 .rodata.OSDbg_TaskChangePrioEn
                0x0000d467        0x1 ./uCOS-III/Source/os_dbg.o
                0x0000d467                OSDbg_TaskChangePrioEn
 .rodata.OSDbg_TaskDelEn
                0x0000d468        0x1 ./uCOS-III/Source/os_dbg.o
                0x0000d468                OSDbg_TaskDelEn
 .rodata.OSDbg_TaskQEn
                0x0000d469        0x1 ./uCOS-III/Source/os_dbg.o
                0x0000d469                OSDbg_TaskQEn
 .rodata.OSDbg_TaskQPendAbortEn
                0x0000d46a        0x1 ./uCOS-III/Source/os_dbg.o
                0x0000d46a                OSDbg_TaskQPendAbortEn
 .rodata.OSDbg_TaskProfileEn
                0x0000d46b        0x1 ./uCOS-III/Source/os_dbg.o
                0x0000d46b                OSDbg_TaskProfileEn
 .rodata.OSDbg_TaskRegTblSize
                0x0000d46c        0x2 ./uCOS-III/Source/os_dbg.o
                0x0000d46c                OSDbg_TaskRegTblSize
 .rodata.OSDbg_TaskSemPendAbortEn
                0x0000d46e        0x1 ./uCOS-III/Source/os_dbg.o
                0x0000d46e                OSDbg_TaskSemPendAbortEn
 .rodata.OSDbg_TaskSuspendEn
                0x0000d46f        0x1 ./uCOS-III/Source/os_dbg.o
                0x0000d46f                OSDbg_TaskSuspendEn
 .rodata.OSDbg_TCBSize
                0x0000d470        0x2 ./uCOS-III/Source/os_dbg.o
                0x0000d470                OSDbg_TCBSize
 .rodata.OSDbg_TickListSize
                0x0000d472        0x2 ./uCOS-III/Source/os_dbg.o
                0x0000d472                OSDbg_TickListSize
 .rodata.OSDbg_TimeDlyHMSMEn
                0x0000d474        0x1 ./uCOS-III/Source/os_dbg.o
                0x0000d474                OSDbg_TimeDlyHMSMEn
 .rodata.OSDbg_TimeDlyResumeEn
                0x0000d475        0x1 ./uCOS-III/Source/os_dbg.o
                0x0000d475                OSDbg_TimeDlyResumeEn
 *fill*         0x0000d476        0x2 
 .rodata.OSDbg_Tmr
                0x0000d478       0x30 ./uCOS-III/Source/os_dbg.o
                0x0000d478                OSDbg_Tmr
 .rodata.OSDbg_TmrEn
                0x0000d4a8        0x1 ./uCOS-III/Source/os_dbg.o
                0x0000d4a8                OSDbg_TmrEn
 .rodata.OSDbg_TmrDelEn
                0x0000d4a9        0x1 ./uCOS-III/Source/os_dbg.o
                0x0000d4a9                OSDbg_TmrDelEn
 .rodata.OSDbg_TmrSize
                0x0000d4aa        0x2 ./uCOS-III/Source/os_dbg.o
                0x0000d4aa                OSDbg_TmrSize
 .rodata.OSDbg_VersionNbr
                0x0000d4ac        0x2 ./uCOS-III/Source/os_dbg.o
                0x0000d4ac                OSDbg_VersionNbr
 *fill*         0x0000d4ae        0x2 
 .rodata.OSDbg_DataSize
                0x0000d4b0        0x4 ./uCOS-III/Source/os_dbg.o
                0x0000d4b0                OSDbg_DataSize
 .rodata.__func__.14565
                0x0000d4b4       0x18 ./KSDK/platform/system/interrupt/src/fsl_interrupt_manager.o
 .rodata.g_simBaseAddr
                0x0000d4cc        0x4 ./KSDK/platform/system/clock/fsl_clock_manager.o
                0x0000d4cc                g_simBaseAddr
 .rodata.kClockNameConfigTable
                0x0000d4d0       0x14 ./KSDK/platform/hal/sim/MK64F12/fsl_sim_hal_K64F12.o
                0x0000d4d0                kClockNameConfigTable
 .rodata.__func__.15268
                0x0000d4e4       0x18 ./KSDK/platform/hal/sim/fsl_sim_hal.o
 .rodata.__func__.14597
                0x0000d4fc       0x14 ./KSDK/platform/hal/gpio/fsl_gpio_hal.o
 .rodata.__func__.14603
                0x0000d510       0x18 ./KSDK/platform/hal/gpio/fsl_gpio_hal.o
 .rodata.__func__.18107
                0x0000d528       0x10 ./KSDK/platform/drivers/uart/src/fsl_uart_driver.o
 .rodata.__func__.18093
                0x0000d538       0x14 ./KSDK/platform/drivers/uart/src/fsl_uart_driver.o
 .rodata.__func__.18127
                0x0000d54c       0x1c ./KSDK/platform/drivers/uart/src/fsl_uart_driver.o
 .rodata.__func__.18133
                0x0000d568       0x1c ./KSDK/platform/drivers/uart/src/fsl_uart_driver.o
 .rodata.__func__.18141
                0x0000d584       0x18 ./KSDK/platform/drivers/uart/src/fsl_uart_driver.o
 .rodata.__func__.18151
                0x0000d59c       0x20 ./KSDK/platform/drivers/uart/src/fsl_uart_driver.o
 .rodata.__func__.18168
                0x0000d5bc       0x1c ./KSDK/platform/drivers/uart/src/fsl_uart_driver.o
 .rodata.__func__.18195
                0x0000d5d8       0x1c ./KSDK/platform/drivers/uart/src/fsl_uart_driver.o
 .rodata.g_uartBaseAddr
                0x0000d5f4       0x18 ./KSDK/platform/drivers/uart/common/fsl_uart_common.o
                0x0000d5f4                g_uartBaseAddr
 .rodata.__func__.14581
                0x0000d60c       0x14 ./KSDK/platform/drivers/gpio/src/fsl_gpio_driver.o
 .rodata.__func__.14575
                0x0000d620       0x18 ./KSDK/platform/drivers/gpio/src/fsl_gpio_driver.o
 .rodata.__func__.14593
                0x0000d638       0x20 ./KSDK/platform/drivers/gpio/src/fsl_gpio_driver.o
 .rodata.__func__.14623
                0x0000d658       0x20 ./KSDK/platform/drivers/gpio/src/fsl_gpio_driver.o
 .rodata.__func__.14645
                0x0000d678       0x18 ./KSDK/platform/drivers/gpio/src/fsl_gpio_driver.o
 .rodata.__func__.16274
                0x0000d690       0x14 ./KSDK/platform/drivers/gpio/src/fsl_gpio_driver.o
 .rodata.__func__.14587
                0x0000d6a4       0x1c ./KSDK/platform/drivers/gpio/src/fsl_gpio_driver.o
 .rodata.__func__.14605
                0x0000d6c0       0x20 ./KSDK/platform/drivers/gpio/src/fsl_gpio_driver.o
 .rodata.__func__.14599
                0x0000d6e0       0x1c ./KSDK/platform/drivers/gpio/src/fsl_gpio_driver.o
 .rodata.__func__.14719
                0x0000d6fc       0x1c ./KSDK/platform/drivers/gpio/src/fsl_gpio_driver.o
 .rodata.g_gpioBaseAddr
                0x0000d718       0x14 ./KSDK/platform/drivers/gpio/common/fsl_gpio_common.o
                0x0000d718                g_gpioBaseAddr
 .rodata.g_portBaseAddr
                0x0000d72c       0x14 ./KSDK/platform/drivers/gpio/common/fsl_gpio_common.o
                0x0000d72c                g_portBaseAddr
 .rodata.g_portIrqId
                0x0000d740        0x8 ./KSDK/platform/drivers/gpio/common/fsl_gpio_common.o
                0x0000d740                g_portIrqId
 .rodata.ledPins
                0x0000d748       0x30 ./KSDK/boards/frdmk64f120m/gpio_pins.o
                0x0000d748                ledPins
 .rodata.__func__.14611
                0x0000d778       0x14 ./KSDK/boards/frdmk64f120m/pin_mux.o
 .rodata.__func__.14599
                0x0000d78c       0x1c ./KSDK/boards/frdmk64f120m/pin_mux.o
 .rodata.__func__.14575
                0x0000d7a8       0x18 ./KSDK/boards/frdmk64f120m/pin_mux.o
 .rodata.__func__.14581
                0x0000d7c0       0x14 ./KSDK/boards/frdmk64f120m/pin_mux.o
 .rodata.__func__.14593
                0x0000d7d4       0x20 ./KSDK/boards/frdmk64f120m/pin_mux.o
 .rodata.__func__.14605
                0x0000d7f4       0x20 ./KSDK/boards/frdmk64f120m/pin_mux.o
 .rodata.__func__.14587
                0x0000d814       0x1c ./KSDK/boards/frdmk64f120m/pin_mux.o
 .rodata.__func__.17504
                0x0000d830       0x14 ./APP/app.o
 .rodata.str1.1
                0x0000d844       0x3c c:/freescale/kds_v3/toolchain/bin/../lib/gcc/arm-none-eabi/4.8.4/../../../../arm-none-eabi/lib/armv7e-m/fpu\libg_s.a(lib_a-assert.o)
                                 0x3d (size before relaxing)
 .rodata.str1.1
                0x0000d880        0x2 c:/freescale/kds_v3/toolchain/bin/../lib/gcc/arm-none-eabi/4.8.4/../../../../arm-none-eabi/lib/armv7e-m/fpu\libg_s.a(lib_a-impure.o)
 *fill*         0x0000d882        0x2 
 .rodata._global_impure_ptr
                0x0000d884        0x4 c:/freescale/kds_v3/toolchain/bin/../lib/gcc/arm-none-eabi/4.8.4/../../../../arm-none-eabi/lib/armv7e-m/fpu\libg_s.a(lib_a-impure.o)
                0x0000d884                _global_impure_ptr
 .rodata.str1.1
                0x0000d888       0x11 c:/freescale/kds_v3/toolchain/bin/../lib/gcc/arm-none-eabi/4.8.4/../../../../arm-none-eabi/lib/armv7e-m/fpu\libg_s.a(lib_a-vfprintf.o)
 .rodata.str1.1
                0x0000d899       0x12 c:/freescale/kds_v3/toolchain/bin/../lib/gcc/arm-none-eabi/4.8.4/../../../../arm-none-eabi/lib/armv7e-m/fpu\libg_s.a(lib_a-vfprintf_float.o)
 .rodata.str1.1
                0x0000d8ab       0x22 c:/freescale/kds_v3/toolchain/bin/../lib/gcc/arm-none-eabi/4.8.4/../../../../arm-none-eabi/lib/armv7e-m/fpu\libg_s.a(lib_a-vfprintf_i.o)
 .rodata.str1.1
                0x0000d8cd        0x5 c:/freescale/kds_v3/toolchain/bin/../lib/gcc/arm-none-eabi/4.8.4/../../../../arm-none-eabi/lib/armv7e-m/fpu\libg_s.a(lib_a-vfscanf_float.o)
 .rodata.str1.1
                0x0000d8d2        0xd c:/freescale/kds_v3/toolchain/bin/../lib/gcc/arm-none-eabi/4.8.4/../../../../arm-none-eabi/lib/armv7e-m/fpu\libg_s.a(lib_a-dtoa.o)
                                  0xf (size before relaxing)
 *fill*         0x0000d8df        0x1 
 .rodata.__sf_fake_stdin
                0x0000d8e0       0x20 c:/freescale/kds_v3/toolchain/bin/../lib/gcc/arm-none-eabi/4.8.4/../../../../arm-none-eabi/lib/armv7e-m/fpu\libg_s.a(lib_a-findfp.o)
                0x0000d8e0                __sf_fake_stdin
 .rodata.__sf_fake_stdout
                0x0000d900       0x20 c:/freescale/kds_v3/toolchain/bin/../lib/gcc/arm-none-eabi/4.8.4/../../../../arm-none-eabi/lib/armv7e-m/fpu\libg_s.a(lib_a-findfp.o)
                0x0000d900                __sf_fake_stdout
 .rodata.__sf_fake_stderr